C:/TouchGFXProjects/SU3500_GUI_h7s78/Middlewares/Third_Party/FreeRTOS/Source/CMSIS_RTOS_V2/cmsis_os2.c:200:26:IRQ_Context	8	static,ignoring_inline_asm
C:/TouchGFXProjects/SU3500_GUI_h7s78/Middlewares/Third_Party/FreeRTOS/Source/CMSIS_RTOS_V2/cmsis_os2.c:1152:13:TimerCallback	8	static
C:/TouchGFXProjects/SU3500_GUI_h7s78/Middlewares/Third_Party/FreeRTOS/Source/CMSIS_RTOS_V2/cmsis_os2.c:164:6:SysTick_Handler	8	static
C:/TouchGFXProjects/SU3500_GUI_h7s78/Middlewares/Third_Party/FreeRTOS/Source/CMSIS_RTOS_V2/cmsis_os2.c:264:12:osKernelInitialize	8	static
C:/TouchGFXProjects/SU3500_GUI_h7s78/Middlewares/Third_Party/FreeRTOS/Source/CMSIS_RTOS_V2/cmsis_os2.c:298:12:osKernelGetInfo	8	static
C:/TouchGFXProjects/SU3500_GUI_h7s78/Middlewares/Third_Party/FreeRTOS/Source/CMSIS_RTOS_V2/cmsis_os2.c:322:17:osKernelGetState	8	static
C:/TouchGFXProjects/SU3500_GUI_h7s78/Middlewares/Third_Party/FreeRTOS/Source/CMSIS_RTOS_V2/cmsis_os2.c:353:12:osKernelStart	8	static
C:/TouchGFXProjects/SU3500_GUI_h7s78/Middlewares/Third_Party/FreeRTOS/Source/CMSIS_RTOS_V2/cmsis_os2.c:384:9:osKernelLock	8	static
C:/TouchGFXProjects/SU3500_GUI_h7s78/Middlewares/Third_Party/FreeRTOS/Source/CMSIS_RTOS_V2/cmsis_os2.c:415:9:osKernelUnlock	8	static
C:/TouchGFXProjects/SU3500_GUI_h7s78/Middlewares/Third_Party/FreeRTOS/Source/CMSIS_RTOS_V2/cmsis_os2.c:451:9:osKernelRestoreLock	8	static
C:/TouchGFXProjects/SU3500_GUI_h7s78/Middlewares/Third_Party/FreeRTOS/Source/CMSIS_RTOS_V2/cmsis_os2.c:491:10:osKernelGetTickCount	8	static
C:/TouchGFXProjects/SU3500_GUI_h7s78/Middlewares/Third_Party/FreeRTOS/Source/CMSIS_RTOS_V2/cmsis_os2.c:507:10:osKernelGetTickFreq	0	static
C:/TouchGFXProjects/SU3500_GUI_h7s78/Middlewares/Third_Party/FreeRTOS/Source/CMSIS_RTOS_V2/cmsis_os2.c:515:10:osKernelGetSysTimerCount	16	static,ignoring_inline_asm
C:/TouchGFXProjects/SU3500_GUI_h7s78/Middlewares/Third_Party/FreeRTOS/Source/CMSIS_RTOS_V2/cmsis_os2.c:561:10:osKernelGetSysTimerFreq	0	static
C:/TouchGFXProjects/SU3500_GUI_h7s78/Middlewares/Third_Party/FreeRTOS/Source/CMSIS_RTOS_V2/cmsis_os2.c:577:14:osThreadNew	48	static
C:/TouchGFXProjects/SU3500_GUI_h7s78/Middlewares/Third_Party/FreeRTOS/Source/CMSIS_RTOS_V2/cmsis_os2.c:652:13:osThreadGetName	8	static
C:/TouchGFXProjects/SU3500_GUI_h7s78/Middlewares/Third_Party/FreeRTOS/Source/CMSIS_RTOS_V2/cmsis_os2.c:669:14:osThreadGetId	0	static
C:/TouchGFXProjects/SU3500_GUI_h7s78/Middlewares/Third_Party/FreeRTOS/Source/CMSIS_RTOS_V2/cmsis_os2.c:681:17:osThreadGetState	8	static
C:/TouchGFXProjects/SU3500_GUI_h7s78/Middlewares/Third_Party/FreeRTOS/Source/CMSIS_RTOS_V2/cmsis_os2.c:707:10:osThreadGetStackSpace	8	static
C:/TouchGFXProjects/SU3500_GUI_h7s78/Middlewares/Third_Party/FreeRTOS/Source/CMSIS_RTOS_V2/cmsis_os2.c:724:12:osThreadSetPriority	16	static
C:/TouchGFXProjects/SU3500_GUI_h7s78/Middlewares/Third_Party/FreeRTOS/Source/CMSIS_RTOS_V2/cmsis_os2.c:746:14:osThreadGetPriority	8	static
C:/TouchGFXProjects/SU3500_GUI_h7s78/Middlewares/Third_Party/FreeRTOS/Source/CMSIS_RTOS_V2/cmsis_os2.c:763:12:osThreadYield	8	static,ignoring_inline_asm
C:/TouchGFXProjects/SU3500_GUI_h7s78/Middlewares/Third_Party/FreeRTOS/Source/CMSIS_RTOS_V2/cmsis_os2.c:781:12:osThreadSuspend	16	static
C:/TouchGFXProjects/SU3500_GUI_h7s78/Middlewares/Third_Party/FreeRTOS/Source/CMSIS_RTOS_V2/cmsis_os2.c:803:12:osThreadResume	16	static
C:/TouchGFXProjects/SU3500_GUI_h7s78/Middlewares/Third_Party/FreeRTOS/Source/CMSIS_RTOS_V2/cmsis_os2.c:826:18:osThreadExit	8	static
C:/TouchGFXProjects/SU3500_GUI_h7s78/Middlewares/Third_Party/FreeRTOS/Source/CMSIS_RTOS_V2/cmsis_os2.c:836:12:osThreadTerminate	16	static
C:/TouchGFXProjects/SU3500_GUI_h7s78/Middlewares/Third_Party/FreeRTOS/Source/CMSIS_RTOS_V2/cmsis_os2.c:869:10:osThreadGetCount	8	static
C:/TouchGFXProjects/SU3500_GUI_h7s78/Middlewares/Third_Party/FreeRTOS/Source/CMSIS_RTOS_V2/cmsis_os2.c:886:10:osThreadEnumerate	32	static
C:/TouchGFXProjects/SU3500_GUI_h7s78/Middlewares/Third_Party/FreeRTOS/Source/CMSIS_RTOS_V2/cmsis_os2.c:926:10:osThreadFlagsSet	40	static,ignoring_inline_asm
C:/TouchGFXProjects/SU3500_GUI_h7s78/Middlewares/Third_Party/FreeRTOS/Source/CMSIS_RTOS_V2/cmsis_os2.c:957:10:osThreadFlagsClear	40	static
C:/TouchGFXProjects/SU3500_GUI_h7s78/Middlewares/Third_Party/FreeRTOS/Source/CMSIS_RTOS_V2/cmsis_os2.c:990:10:osThreadFlagsGet	24	static
C:/TouchGFXProjects/SU3500_GUI_h7s78/Middlewares/Third_Party/FreeRTOS/Source/CMSIS_RTOS_V2/cmsis_os2.c:1012:10:osThreadFlagsWait	48	static
C:/TouchGFXProjects/SU3500_GUI_h7s78/Middlewares/Third_Party/FreeRTOS/Source/CMSIS_RTOS_V2/cmsis_os2.c:1094:12:osDelay	8	static
C:/TouchGFXProjects/SU3500_GUI_h7s78/Middlewares/Third_Party/FreeRTOS/Source/CMSIS_RTOS_V2/cmsis_os2.c:1115:12:osDelayUntil	16	static
C:/TouchGFXProjects/SU3500_GUI_h7s78/Middlewares/Third_Party/FreeRTOS/Source/CMSIS_RTOS_V2/cmsis_os2.c:1169:13:osTimerNew	40	static
C:/TouchGFXProjects/SU3500_GUI_h7s78/Middlewares/Third_Party/FreeRTOS/Source/CMSIS_RTOS_V2/cmsis_os2.c:1275:13:osTimerGetName	8	static
C:/TouchGFXProjects/SU3500_GUI_h7s78/Middlewares/Third_Party/FreeRTOS/Source/CMSIS_RTOS_V2/cmsis_os2.c:1292:12:osTimerStart	24	static
C:/TouchGFXProjects/SU3500_GUI_h7s78/Middlewares/Third_Party/FreeRTOS/Source/CMSIS_RTOS_V2/cmsis_os2.c:1317:12:osTimerStop	24	static
C:/TouchGFXProjects/SU3500_GUI_h7s78/Middlewares/Third_Party/FreeRTOS/Source/CMSIS_RTOS_V2/cmsis_os2.c:1347:10:osTimerIsRunning	8	static
C:/TouchGFXProjects/SU3500_GUI_h7s78/Middlewares/Third_Party/FreeRTOS/Source/CMSIS_RTOS_V2/cmsis_os2.c:1364:12:osTimerDelete	24	static
C:/TouchGFXProjects/SU3500_GUI_h7s78/Middlewares/Third_Party/FreeRTOS/Source/CMSIS_RTOS_V2/cmsis_os2.c:1416:18:osEventFlagsNew	8	static
C:/TouchGFXProjects/SU3500_GUI_h7s78/Middlewares/Third_Party/FreeRTOS/Source/CMSIS_RTOS_V2/cmsis_os2.c:1465:10:osEventFlagsSet	24	static,ignoring_inline_asm
C:/TouchGFXProjects/SU3500_GUI_h7s78/Middlewares/Third_Party/FreeRTOS/Source/CMSIS_RTOS_V2/cmsis_os2.c:1505:10:osEventFlagsClear	16	static,ignoring_inline_asm
C:/TouchGFXProjects/SU3500_GUI_h7s78/Middlewares/Third_Party/FreeRTOS/Source/CMSIS_RTOS_V2/cmsis_os2.c:1544:10:osEventFlagsGet	8	static
C:/TouchGFXProjects/SU3500_GUI_h7s78/Middlewares/Third_Party/FreeRTOS/Source/CMSIS_RTOS_V2/cmsis_os2.c:1569:10:osEventFlagsWait	32	static
C:/TouchGFXProjects/SU3500_GUI_h7s78/Middlewares/Third_Party/FreeRTOS/Source/CMSIS_RTOS_V2/cmsis_os2.c:1629:12:osEventFlagsDelete	16	static
C:/TouchGFXProjects/SU3500_GUI_h7s78/Middlewares/Third_Party/FreeRTOS/Source/CMSIS_RTOS_V2/cmsis_os2.c:1663:13:osMutexNew	16	static
C:/TouchGFXProjects/SU3500_GUI_h7s78/Middlewares/Third_Party/FreeRTOS/Source/CMSIS_RTOS_V2/cmsis_os2.c:1752:12:osMutexAcquire	24	static
C:/TouchGFXProjects/SU3500_GUI_h7s78/Middlewares/Third_Party/FreeRTOS/Source/CMSIS_RTOS_V2/cmsis_os2.c:1800:12:osMutexRelease	16	static
C:/TouchGFXProjects/SU3500_GUI_h7s78/Middlewares/Third_Party/FreeRTOS/Source/CMSIS_RTOS_V2/cmsis_os2.c:1840:14:osMutexGetOwner	8	static
C:/TouchGFXProjects/SU3500_GUI_h7s78/Middlewares/Third_Party/FreeRTOS/Source/CMSIS_RTOS_V2/cmsis_os2.c:1859:12:osMutexDelete	16	static
C:/TouchGFXProjects/SU3500_GUI_h7s78/Middlewares/Third_Party/FreeRTOS/Source/CMSIS_RTOS_V2/cmsis_os2.c:1894:17:osSemaphoreNew	24	static
C:/TouchGFXProjects/SU3500_GUI_h7s78/Middlewares/Third_Party/FreeRTOS/Source/CMSIS_RTOS_V2/cmsis_os2.c:1970:12:osSemaphoreAcquire	24	static,ignoring_inline_asm
C:/TouchGFXProjects/SU3500_GUI_h7s78/Middlewares/Third_Party/FreeRTOS/Source/CMSIS_RTOS_V2/cmsis_os2.c:2011:12:osSemaphoreRelease	16	static,ignoring_inline_asm
C:/TouchGFXProjects/SU3500_GUI_h7s78/Middlewares/Third_Party/FreeRTOS/Source/CMSIS_RTOS_V2/cmsis_os2.c:2043:10:osSemaphoreGetCount	8	static
C:/TouchGFXProjects/SU3500_GUI_h7s78/Middlewares/Third_Party/FreeRTOS/Source/CMSIS_RTOS_V2/cmsis_os2.c:2063:12:osSemaphoreDelete	16	static
C:/TouchGFXProjects/SU3500_GUI_h7s78/Middlewares/Third_Party/FreeRTOS/Source/CMSIS_RTOS_V2/cmsis_os2.c:2100:20:osMessageQueueNew	32	static
C:/TouchGFXProjects/SU3500_GUI_h7s78/Middlewares/Third_Party/FreeRTOS/Source/CMSIS_RTOS_V2/cmsis_os2.c:2161:12:osMessageQueuePut	24	static,ignoring_inline_asm
C:/TouchGFXProjects/SU3500_GUI_h7s78/Middlewares/Third_Party/FreeRTOS/Source/CMSIS_RTOS_V2/cmsis_os2.c:2209:12:osMessageQueueGet	24	static,ignoring_inline_asm
C:/TouchGFXProjects/SU3500_GUI_h7s78/Middlewares/Third_Party/FreeRTOS/Source/CMSIS_RTOS_V2/cmsis_os2.c:2254:10:osMessageQueueGetCapacity	0	static
C:/TouchGFXProjects/SU3500_GUI_h7s78/Middlewares/Third_Party/FreeRTOS/Source/CMSIS_RTOS_V2/cmsis_os2.c:2272:10:osMessageQueueGetMsgSize	0	static
C:/TouchGFXProjects/SU3500_GUI_h7s78/Middlewares/Third_Party/FreeRTOS/Source/CMSIS_RTOS_V2/cmsis_os2.c:2290:10:osMessageQueueGetCount	0	static
C:/TouchGFXProjects/SU3500_GUI_h7s78/Middlewares/Third_Party/FreeRTOS/Source/CMSIS_RTOS_V2/cmsis_os2.c:2311:10:osMessageQueueGetSpace	8	static,ignoring_inline_asm
C:/TouchGFXProjects/SU3500_GUI_h7s78/Middlewares/Third_Party/FreeRTOS/Source/CMSIS_RTOS_V2/cmsis_os2.c:2338:12:osMessageQueueReset	16	static
C:/TouchGFXProjects/SU3500_GUI_h7s78/Middlewares/Third_Party/FreeRTOS/Source/CMSIS_RTOS_V2/cmsis_os2.c:2360:12:osMessageQueueDelete	0	static
C:/TouchGFXProjects/SU3500_GUI_h7s78/Middlewares/Third_Party/FreeRTOS/Source/CMSIS_RTOS_V2/cmsis_os2.c:2399:18:osMemoryPoolNew	40	static
C:/TouchGFXProjects/SU3500_GUI_h7s78/Middlewares/Third_Party/FreeRTOS/Source/CMSIS_RTOS_V2/cmsis_os2.c:2520:13:osMemoryPoolGetName	8	static
C:/TouchGFXProjects/SU3500_GUI_h7s78/Middlewares/Third_Party/FreeRTOS/Source/CMSIS_RTOS_V2/cmsis_os2.c:2541:7:osMemoryPoolAlloc	16	static,ignoring_inline_asm
C:/TouchGFXProjects/SU3500_GUI_h7s78/Middlewares/Third_Party/FreeRTOS/Source/CMSIS_RTOS_V2/cmsis_os2.c:2602:12:osMemoryPoolFree	24	static,ignoring_inline_asm
C:/TouchGFXProjects/SU3500_GUI_h7s78/Middlewares/Third_Party/FreeRTOS/Source/CMSIS_RTOS_V2/cmsis_os2.c:2668:10:osMemoryPoolGetCapacity	0	static
C:/TouchGFXProjects/SU3500_GUI_h7s78/Middlewares/Third_Party/FreeRTOS/Source/CMSIS_RTOS_V2/cmsis_os2.c:2695:10:osMemoryPoolGetBlockSize	0	static
C:/TouchGFXProjects/SU3500_GUI_h7s78/Middlewares/Third_Party/FreeRTOS/Source/CMSIS_RTOS_V2/cmsis_os2.c:2722:10:osMemoryPoolGetCount	8	static
C:/TouchGFXProjects/SU3500_GUI_h7s78/Middlewares/Third_Party/FreeRTOS/Source/CMSIS_RTOS_V2/cmsis_os2.c:2755:10:osMemoryPoolGetSpace	8	static
C:/TouchGFXProjects/SU3500_GUI_h7s78/Middlewares/Third_Party/FreeRTOS/Source/CMSIS_RTOS_V2/cmsis_os2.c:2786:12:osMemoryPoolDelete	8	static
C:/TouchGFXProjects/SU3500_GUI_h7s78/Middlewares/Third_Party/FreeRTOS/Source/CMSIS_RTOS_V2/cmsis_os2.c:2888:13:vApplicationIdleHook	0	static
C:/TouchGFXProjects/SU3500_GUI_h7s78/Middlewares/Third_Party/FreeRTOS/Source/CMSIS_RTOS_V2/cmsis_os2.c:2934:13:vApplicationGetIdleTaskMemory	0	static
C:/TouchGFXProjects/SU3500_GUI_h7s78/Middlewares/Third_Party/FreeRTOS/Source/CMSIS_RTOS_V2/cmsis_os2.c:2948:13:vApplicationGetTimerTaskMemory	0	static
