C:/TouchGFXProjects/SU3500_GUI_h7s78/Middlewares/Third_Party/FreeRTOS/Source/portable/MemMang/heap_4.c:442:13:prvInsertBlockIntoFreeList	8	static
C:/TouchGFXProjects/SU3500_GUI_h7s78/Middlewares/Third_Party/FreeRTOS/Source/portable/MemMang/heap_4.c:138:8:pvPortMalloc	24	static,ignoring_inline_asm
C:/TouchGFXProjects/SU3500_GUI_h7s78/Middlewares/Third_Party/FreeRTOS/Source/portable/MemMang/heap_4.c:307:6:vPortFree	8	static,ignoring_inline_asm
C:/TouchGFXProjects/SU3500_GUI_h7s78/Middlewares/Third_Party/FreeRTOS/Source/portable/MemMang/heap_4.c:360:8:xPortGetFreeHeapSize	0	static
C:/TouchGFXProjects/SU3500_GUI_h7s78/Middlewares/Third_Party/FreeRTOS/Source/portable/MemMang/heap_4.c:366:8:xPortGetMinimumEverFreeHeapSize	0	static
C:/TouchGFXProjects/SU3500_GUI_h7s78/Middlewares/Third_Party/FreeRTOS/Source/portable/MemMang/heap_4.c:372:6:vPortInitialiseBlocks	0	static
C:/TouchGFXProjects/SU3500_GUI_h7s78/Middlewares/Third_Party/FreeRTOS/Source/portable/MemMang/heap_4.c:378:8:pvPortCalloc	16	static
C:/TouchGFXProjects/SU3500_GUI_h7s78/Middlewares/Third_Party/FreeRTOS/Source/portable/MemMang/heap_4.c:505:6:vPortGetHeapStats	24	static
