../../Appli/../../Appli/Middlewares/ST/touchgfx/framework/include/touchgfx/Drawable.hpp:315:18:virtual void touchgfx::Drawable::setX(int16_t)	0	static
../../Appli/../../Appli/Middlewares/ST/touchgfx/framework/include/touchgfx/Drawable.hpp:327:18:virtual void touchgfx::Drawable::setY(int16_t)	0	static
../../Appli/../../Appli/Middlewares/ST/touchgfx/framework/include/touchgfx/Drawable.hpp:356:18:virtual void touchgfx::Drawable::setWidth(int16_t)	0	static
../../Appli/../../Appli/Middlewares/ST/touchgfx/framework/include/touchgfx/Drawable.hpp:368:18:virtual void touchgfx::Drawable::setHeight(int16_t)	0	static
../../Appli/../../Appli/Middlewares/ST/touchgfx/framework/include/touchgfx/Drawable.hpp:378:18:virtual void touchgfx::Drawable::childGeometryChanged()	0	static
../../Appli/../../Appli/Middlewares/ST/touchgfx/framework/include/touchgfx/Drawable.hpp:389:18:virtual void touchgfx::Drawable::handleClickEvent(const touchgfx::ClickEvent&)	0	static
../../Appli/../../Appli/Middlewares/ST/touchgfx/framework/include/touchgfx/Drawable.hpp:401:18:virtual void touchgfx::Drawable::handleGestureEvent(const touchgfx::GestureEvent&)	0	static
../../Appli/../../Appli/Middlewares/ST/touchgfx/framework/include/touchgfx/Drawable.hpp:490:18:virtual void touchgfx::Drawable::handleDragEvent(const touchgfx::DragEvent&)	0	static
../../Appli/../../Appli/Middlewares/ST/touchgfx/framework/include/touchgfx/Drawable.hpp:588:18:virtual void touchgfx::Drawable::moveTo(int16_t, int16_t)	4	static
../../Appli/../../Appli/Middlewares/ST/touchgfx/framework/include/touchgfx/containers/Container.hpp:165:23:virtual touchgfx::Drawable* touchgfx::Container::getFirstChild()	0	static
../../Appli/../../Appli/Middlewares/ST/touchgfx/framework/include/touchgfx/Callback.hpp:424:8:touchgfx::Callback<bottombarContainer>::~Callback()	0	static
C:/TouchGFXProjects/STM32H7S78-DKTouchGFXDemo1.1.2/H7RSDemo/Appli/TouchGFX/gui/src/containers/bottombarContainer.cpp:87:6:void bottombarContainer::animationEndedHandler()	0	static
../../Appli/../../Appli/Middlewares/ST/touchgfx/framework/include/touchgfx/Callback.hpp:449:18:void touchgfx::Callback<dest_type, void, void, void>::execute() [with dest_type = bottombarContainer]	4	static
../../Appli/../../Appli/Middlewares/ST/touchgfx/framework/include/touchgfx/Callback.hpp:459:18:bool touchgfx::Callback<dest_type, void, void, void>::isValid() const [with dest_type = bottombarContainer]	0	static
../../Appli/../../Appli/Middlewares/ST/touchgfx/framework/include/touchgfx/Callback.hpp:424:8:virtual touchgfx::Callback<bottombarContainer>::~Callback()	8	static
C:/TouchGFXProjects/STM32H7S78-DKTouchGFXDemo1.1.2/H7RSDemo/Appli/TouchGFX/gui/src/containers/bottombarContainer.cpp:45:6:virtual void bottombarContainer::transitionSelectionWheelUpdateItem(transitionItem&, int16_t)	24	static
C:/TouchGFXProjects/STM32H7S78-DKTouchGFXDemo1.1.2/H7RSDemo/Appli/TouchGFX/gui/src/containers/bottombarContainer.cpp:54:6:virtual void bottombarContainer::animateArrow(touchgfx::SlideMenu::State)	8	static
../../Appli/../../Appli/TouchGFX/gui/include/gui/containers/bottombarContainer.hpp:10:13:bottombarContainer::~bottombarContainer()	8	static
../../Appli/../../Appli/TouchGFX/gui/include/gui/containers/bottombarContainer.hpp:10:13:virtual bottombarContainer::~bottombarContainer()	8	static
../../Appli/../../Appli/Middlewares/ST/touchgfx/framework/include/touchgfx/Drawable.hpp:121:18:virtual void touchgfx::Drawable::invalidateContent() const	0	static
../../Appli/../../Appli/TouchGFX/generated/gui_generated/include/gui_generated/containers/bottombarContainerBase.hpp:89:18:virtual void bottombarContainerBase::emitAnimaitonSpeedPressedCallback(bool)	16	static
../../Appli/../../Appli/TouchGFX/generated/gui_generated/include/gui_generated/containers/bottombarContainerBase.hpp:82:18:virtual void bottombarContainerBase::emitScrollWheelAnimationEndedCallback()	8	static
../../Appli/../../Appli/TouchGFX/generated/gui_generated/include/gui_generated/containers/bottombarContainerBase.hpp:75:18:virtual void bottombarContainerBase::emitScrollWheelPressedCallback()	8	static
../../Appli/../../Appli/TouchGFX/generated/gui_generated/include/gui_generated/containers/bottombarContainerBase.hpp:68:18:virtual void bottombarContainerBase::emitGetTransitionInfoCallback(TransitionInfo*)	16	static
../../Appli/../../Appli/Middlewares/ST/touchgfx/framework/include/touchgfx/widgets/TextureMapper.hpp:612:18:virtual void touchgfx::TextureMapper::invalidateContent() const	16	static
C:/TouchGFXProjects/STM32H7S78-DKTouchGFXDemo1.1.2/H7RSDemo/Appli/TouchGFX/gui/src/containers/bottombarContainer.cpp:6:1:bottombarContainer::bottombarContainer()	8	static
C:/TouchGFXProjects/STM32H7S78-DKTouchGFXDemo1.1.2/H7RSDemo/Appli/TouchGFX/gui/src/containers/bottombarContainer.cpp:36:6:void bottombarContainer::bottomBarClicked(int, int)	8	static
C:/TouchGFXProjects/STM32H7S78-DKTouchGFXDemo1.1.2/H7RSDemo/Appli/TouchGFX/gui/src/containers/bottombarContainer.cpp:76:10:uint16_t bottombarContainer::getSelectedTransition()	8	static
C:/TouchGFXProjects/STM32H7S78-DKTouchGFXDemo1.1.2/H7RSDemo/Appli/TouchGFX/gui/src/containers/bottombarContainer.cpp:81:6:void bottombarContainer::fade(uint8_t, uint16_t, touchgfx::EasingEquation)	32	static
C:/TouchGFXProjects/STM32H7S78-DKTouchGFXDemo1.1.2/H7RSDemo/Appli/TouchGFX/gui/src/containers/bottombarContainer.cpp:12:6:virtual void bottombarContainer::initialize()	8	static
C:/TouchGFXProjects/STM32H7S78-DKTouchGFXDemo1.1.2/H7RSDemo/Appli/TouchGFX/gui/src/containers/bottombarContainer.cpp:71:6:void bottombarContainer::setNumberOfTransitionsItems(uint16_t)	0	static
C:/TouchGFXProjects/STM32H7S78-DKTouchGFXDemo1.1.2/H7RSDemo/Appli/TouchGFX/gui/src/containers/bottombarContainer.cpp:19:6:virtual void bottombarContainer::handleTickEvent()	24	static
