../../Appli/../../Appli/TouchGFX/gui/include/gui/compassscreen_screen/CompassScreenPresenter.hpp:28:13:CompassScreenPresenter::~CompassScreenPresenter()	0	static
C:/TouchGFXProjects/STM32H7S78-DKTouchGFXDemo1.1.2/H7RSDemo/Appli/TouchGFX/gui/src/compassscreen_screen/CompassScreenPresenter.cpp:10:6:virtual void CompassScreenPresenter::activate()	0	static
../../Appli/../../Appli/TouchGFX/gui/include/gui/compassscreen_screen/CompassScreenPresenter.hpp:28:13:virtual CompassScreenPresenter::~CompassScreenPresenter()	8	static
../../Appli/../../Appli/TouchGFX/gui/include/gui/compassscreen_screen/CompassScreenPresenter.hpp:28:13:virtual void* CompassScreenPresenter::_ZThn4_N22CompassScreenPresenterD1Ev()	0	static
C:/TouchGFXProjects/STM32H7S78-DKTouchGFXDemo1.1.2/H7RSDemo/Appli/TouchGFX/gui/src/compassscreen_screen/CompassScreenPresenter.cpp:4:1:CompassScreenPresenter::CompassScreenPresenter(CompassScreenView&)	0	static
