../../Appli/../../Appli/Middlewares/ST/touchgfx/framework/include/touchgfx/Screen.hpp:104:18:virtual void touchgfx::Screen::afterTransition()	0	static
../../Appli/../../Appli/Middlewares/ST/touchgfx/framework/include/touchgfx/Screen.hpp:154:18:virtual void touchgfx::Screen::handleKeyEvent(uint8_t)	0	static
../../Appli/../../Appli/TouchGFX/generated/gui_generated/include/gui_generated/e_bikescreen_screen/E_BikeScreenViewBase.hpp:38:18:virtual void E_BikeScreenViewBase::goToMain()	0	static
../../Appli/../../Appli/Middlewares/ST/touchgfx/framework/include/touchgfx/Callback.hpp:357:8:touchgfx::Callback<E_BikeScreenView, const touchgfx::AnimationTextureMapper&>::~Callback()	0	static
C:/TouchGFXProjects/STM32H7S78-DKTouchGFXDemo1.1.2/H7RSDemo/Appli/TouchGFX/gui/src/e_bikescreen_screen/E_BikeScreenView.cpp:441:6:virtual void E_BikeScreenView::tearDownScreen()	0	static
../../Appli/../../Appli/Middlewares/ST/touchgfx/framework/include/touchgfx/Callback.hpp:386:18:void touchgfx::Callback<dest_type, T1, void, void>::execute(T1) [with dest_type = E_BikeScreenView; T1 = const touchgfx::AnimationTextureMapper&]	8	static
../../Appli/../../Appli/Middlewares/ST/touchgfx/framework/include/touchgfx/Callback.hpp:396:18:bool touchgfx::Callback<dest_type, T1, void, void>::isValid() const [with dest_type = E_BikeScreenView; T1 = const touchgfx::AnimationTextureMapper&]	0	static
../../Appli/../../Appli/Middlewares/ST/touchgfx/framework/include/touchgfx/Callback.hpp:357:8:virtual touchgfx::Callback<E_BikeScreenView, const touchgfx::AnimationTextureMapper&>::~Callback()	8	static
../../Appli/../../Appli/TouchGFX/gui/include/gui/e_bikescreen_screen/E_BikeScreenView.hpp:82:13:E_BikeScreenView::~E_BikeScreenView()	8	static
../../Appli/../../Appli/TouchGFX/gui/include/gui/e_bikescreen_screen/E_BikeScreenView.hpp:82:13:virtual E_BikeScreenView::~E_BikeScreenView()	8	static
C:\ST\STM32CubeIDE_1.18.1\STM32CubeIDE\plugins\com.st.stm32cube.ide.mcu.externaltools.gnu-tools-for-stm32.13.3.rel1.win32_1.0.0.202411081344\tools\bin/../lib/gcc/arm-none-eabi/13.3.1/../../../../arm-none-eabi/include/c++/13.3.1/bits/basic_string.h:641:7:std::__cxx11::basic_string<_CharT, _Traits, _Alloc>::basic_string(const _CharT*, const _Alloc&) [with _CharT = char; _Traits = std::char_traits<char>; _Alloc = std::allocator<char>]	24	static
../../Appli/../../Appli/Middlewares/ST/touchgfx/framework/include/touchgfx/widgets/TextureMapper.hpp:612:18:virtual void touchgfx::TextureMapper::invalidateContent() const	16	static
C:/TouchGFXProjects/STM32H7S78-DKTouchGFXDemo1.1.2/H7RSDemo/Appli/TouchGFX/gui/src/e_bikescreen_screen/E_BikeScreenView.cpp:55:9:int32_t E_BikeScreenView::computeRangeIndex(float)	0	static
C:/TouchGFXProjects/STM32H7S78-DKTouchGFXDemo1.1.2/H7RSDemo/Appli/TouchGFX/gui/src/e_bikescreen_screen/E_BikeScreenView.cpp:64:1:E_BikeScreenView::E_BikeScreenView()	8	static
C:/TouchGFXProjects/STM32H7S78-DKTouchGFXDemo1.1.2/H7RSDemo/Appli/TouchGFX/gui/src/e_bikescreen_screen/E_BikeScreenView.cpp:316:6:void E_BikeScreenView::clamp(float&, float, float)	0	static
C:/TouchGFXProjects/STM32H7S78-DKTouchGFXDemo1.1.2/H7RSDemo/Appli/TouchGFX/gui/src/e_bikescreen_screen/E_BikeScreenView.cpp:270:6:virtual void E_BikeScreenView::handleDragEvent(const touchgfx::DragEvent&)	40	static
C:/TouchGFXProjects/STM32H7S78-DKTouchGFXDemo1.1.2/H7RSDemo/Appli/TouchGFX/gui/src/e_bikescreen_screen/E_BikeScreenView.cpp:350:6:bool Battery::update(float)	0	static
C:/TouchGFXProjects/STM32H7S78-DKTouchGFXDemo1.1.2/H7RSDemo/Appli/TouchGFX/gui/src/e_bikescreen_screen/E_BikeScreenView.cpp:381:7:float Speedometer::computeVelocity(float) const	8	static
C:/TouchGFXProjects/STM32H7S78-DKTouchGFXDemo1.1.2/H7RSDemo/Appli/TouchGFX/gui/src/e_bikescreen_screen/E_BikeScreenView.cpp:386:6:bool Speedometer::update(float)	8	static
C:/TouchGFXProjects/STM32H7S78-DKTouchGFXDemo1.1.2/H7RSDemo/Appli/TouchGFX/gui/src/e_bikescreen_screen/E_BikeScreenView.cpp:401:7:float Units::metersToFeet(float)	0	static
C:/TouchGFXProjects/STM32H7S78-DKTouchGFXDemo1.1.2/H7RSDemo/Appli/TouchGFX/gui/src/e_bikescreen_screen/E_BikeScreenView.cpp:406:7:float Units::kmhToMph(float)	0	static
C:/TouchGFXProjects/STM32H7S78-DKTouchGFXDemo1.1.2/H7RSDemo/Appli/TouchGFX/gui/src/e_bikescreen_screen/E_BikeScreenView.cpp:411:6:bool ElevationSimulation::update(float)	56	static
C:/TouchGFXProjects/STM32H7S78-DKTouchGFXDemo1.1.2/H7RSDemo/Appli/TouchGFX/gui/src/e_bikescreen_screen/E_BikeScreenView.cpp:435:7:float generateRandomZAngle()	16	static
C:/TouchGFXProjects/STM32H7S78-DKTouchGFXDemo1.1.2/H7RSDemo/Appli/TouchGFX/gui/src/e_bikescreen_screen/E_BikeScreenView.cpp:444:1:cpp)	8	static
C:/TouchGFXProjects/STM32H7S78-DKTouchGFXDemo1.1.2/H7RSDemo/Appli/TouchGFX/gui/src/e_bikescreen_screen/E_BikeScreenView.cpp:444:1:cpp)	16	static
C:/TouchGFXProjects/STM32H7S78-DKTouchGFXDemo1.1.2/H7RSDemo/Appli/TouchGFX/gui/src/e_bikescreen_screen/E_BikeScreenView.cpp:426:6:void E_BikeScreenView::compassAnimationEndedHandler(const touchgfx::AnimationTextureMapper&)	16	static
C:/TouchGFXProjects/STM32H7S78-DKTouchGFXDemo1.1.2/H7RSDemo/Appli/TouchGFX/gui/src/e_bikescreen_screen/E_BikeScreenView.cpp:164:6:void E_BikeScreenView::updateBattery()	32	static
C:/TouchGFXProjects/STM32H7S78-DKTouchGFXDemo1.1.2/H7RSDemo/Appli/TouchGFX/gui/src/e_bikescreen_screen/E_BikeScreenView.cpp:185:6:void E_BikeScreenView::updateElevation()	16	static
C:/TouchGFXProjects/STM32H7S78-DKTouchGFXDemo1.1.2/H7RSDemo/Appli/TouchGFX/gui/src/e_bikescreen_screen/E_BikeScreenView.cpp:204:6:void E_BikeScreenView::updateDirectionInformation(const touchgfx::AnimationTextureMapper&)	16	static
C:/TouchGFXProjects/STM32H7S78-DKTouchGFXDemo1.1.2/H7RSDemo/Appli/TouchGFX/gui/src/e_bikescreen_screen/E_BikeScreenView.cpp:109:6:void E_BikeScreenView::updateSpeedometer(float)	40	static
C:/TouchGFXProjects/STM32H7S78-DKTouchGFXDemo1.1.2/H7RSDemo/Appli/TouchGFX/gui/src/e_bikescreen_screen/E_BikeScreenView.cpp:328:6:virtual void E_BikeScreenView::selectKmh()	0	static
C:/TouchGFXProjects/STM32H7S78-DKTouchGFXDemo1.1.2/H7RSDemo/Appli/TouchGFX/gui/src/e_bikescreen_screen/E_BikeScreenView.cpp:340:6:virtual void E_BikeScreenView::selectMiles()	0	static
C:/TouchGFXProjects/STM32H7S78-DKTouchGFXDemo1.1.2/H7RSDemo/Appli/TouchGFX/gui/src/e_bikescreen_screen/E_BikeScreenView.cpp:237:6:void E_BikeScreenView::update()	8	static
C:/TouchGFXProjects/STM32H7S78-DKTouchGFXDemo1.1.2/H7RSDemo/Appli/TouchGFX/gui/src/e_bikescreen_screen/E_BikeScreenView.cpp:71:6:virtual void E_BikeScreenView::setupScreen()	32	static
C:/TouchGFXProjects/STM32H7S78-DKTouchGFXDemo1.1.2/H7RSDemo/Appli/TouchGFX/gui/src/e_bikescreen_screen/E_BikeScreenView.cpp:260:6:virtual void E_BikeScreenView::handleTickEvent()	8	static
