../../Appli/../../Appli/Middlewares/ST/touchgfx/framework/include/touchgfx/Screen.hpp:104:18:virtual void touchgfx::Screen::afterTransition()	0	static
../../Appli/../../Appli/Middlewares/ST/touchgfx/framework/include/touchgfx/Screen.hpp:144:18:virtual void touchgfx::Screen::handleTickEvent()	0	static
../../Appli/../../Appli/Middlewares/ST/touchgfx/framework/include/touchgfx/Screen.hpp:154:18:virtual void touchgfx::Screen::handleKeyEvent(uint8_t)	0	static
C:/TouchGFXProjects/STM32H7S78-DKTouchGFXDemo1.1.2/H7RSDemo/Appli/TouchGFX/gui/src/infoscreen_screen/InfoScreenView.cpp:13:6:virtual void InfoScreenView::tearDownScreen()	0	static
../../Appli/../../Appli/TouchGFX/gui/include/gui/infoscreen_screen/InfoScreenView.hpp:11:13:InfoScreenView::~InfoScreenView()	8	static
../../Appli/../../Appli/TouchGFX/gui/include/gui/infoscreen_screen/InfoScreenView.hpp:11:13:virtual InfoScreenView::~InfoScreenView()	8	static
C:/TouchGFXProjects/STM32H7S78-DKTouchGFXDemo1.1.2/H7RSDemo/Appli/TouchGFX/gui/src/infoscreen_screen/InfoScreenView.cpp:3:1:InfoScreenView::InfoScreenView()	8	static
C:/TouchGFXProjects/STM32H7S78-DKTouchGFXDemo1.1.2/H7RSDemo/Appli/TouchGFX/gui/src/infoscreen_screen/InfoScreenView.cpp:8:6:virtual void InfoScreenView::setupScreen()	0	static
