../../Appli/../../Appli/Middlewares/ST/touchgfx/framework/include/touchgfx/Screen.hpp:104:18:virtual void touchgfx::Screen::afterTransition()	0	static
../../Appli/../../Appli/Middlewares/ST/touchgfx/framework/include/touchgfx/Screen.hpp:144:18:virtual void touchgfx::Screen::handleTickEvent()	0	static
../../Appli/../../Appli/Middlewares/ST/touchgfx/framework/include/touchgfx/Screen.hpp:154:18:virtual void touchgfx::Screen::handleKeyEvent(uint8_t)	0	static
../../Appli/../../Appli/Middlewares/ST/touchgfx/framework/include/touchgfx/TypedText.hpp:65:13:touchgfx::TypedText::~TypedText()	0	static
C:/TouchGFXProjects/STM32H7S78-DKTouchGFXDemo1.1.2/H7RSDemo/Appli/TouchGFX/gui/src/menulauncherscreen_screen/MenuLauncherScreenView.cpp:22:6:virtual void MenuLauncherScreenView::tearDownScreen()	0	static
../../Appli/../../Appli/Middlewares/ST/touchgfx/framework/include/touchgfx/TypedText.hpp:65:13:virtual touchgfx::TypedText::~TypedText()	8	static
C:/TouchGFXProjects/STM32H7S78-DKTouchGFXDemo1.1.2/H7RSDemo/Appli/TouchGFX/gui/src/menulauncherscreen_screen/MenuLauncherScreenView.cpp:41:6:virtual void MenuLauncherScreenView::sphereWheelItemSelected(uint16_t)	16	static
../../Appli/../../Appli/TouchGFX/gui/include/gui/menulauncherscreen_screen/MenuLauncherScreenView.hpp:11:13:MenuLauncherScreenView::~MenuLauncherScreenView()	8	static
../../Appli/../../Appli/TouchGFX/gui/include/gui/menulauncherscreen_screen/MenuLauncherScreenView.hpp:11:13:virtual MenuLauncherScreenView::~MenuLauncherScreenView()	8	static
C:/TouchGFXProjects/STM32H7S78-DKTouchGFXDemo1.1.2/H7RSDemo/Appli/TouchGFX/gui/src/menulauncherscreen_screen/MenuLauncherScreenView.cpp:4:1:MenuLauncherScreenView::MenuLauncherScreenView()	8	static
C:/TouchGFXProjects/STM32H7S78-DKTouchGFXDemo1.1.2/H7RSDemo/Appli/TouchGFX/gui/src/menulauncherscreen_screen/MenuLauncherScreenView.cpp:9:6:virtual void MenuLauncherScreenView::setupScreen()	8	static
../../Appli/../../Appli/Middlewares/ST/touchgfx/framework/include/touchgfx/mixins/FadeAnimator.hpp:122:10:void touchgfx::FadeAnimator<T>::startFadeAnimation(uint8_t, uint16_t, touchgfx::EasingEquation) [with T = touchgfx::TextArea]	24	static
C:/TouchGFXProjects/STM32H7S78-DKTouchGFXDemo1.1.2/H7RSDemo/Appli/TouchGFX/gui/src/menulauncherscreen_screen/MenuLauncherScreenView.cpp:27:6:virtual void MenuLauncherScreenView::sphereWheelAnimationStarted()	8	static
C:/TouchGFXProjects/STM32H7S78-DKTouchGFXDemo1.1.2/H7RSDemo/Appli/TouchGFX/gui/src/menulauncherscreen_screen/MenuLauncherScreenView.cpp:33:6:virtual void MenuLauncherScreenView::sphereWheelAnimationEndded(uint16_t)	24	static
