../../Appli/../../Appli/Middlewares/ST/touchgfx/framework/include/touchgfx/Drawable.hpp:315:18:virtual void touchgfx::Drawable::setX(int16_t)	0	static
../../Appli/../../Appli/Middlewares/ST/touchgfx/framework/include/touchgfx/Drawable.hpp:327:18:virtual void touchgfx::Drawable::setY(int16_t)	0	static
../../Appli/../../Appli/Middlewares/ST/touchgfx/framework/include/touchgfx/Drawable.hpp:356:18:virtual void touchgfx::Drawable::setWidth(int16_t)	0	static
../../Appli/../../Appli/Middlewares/ST/touchgfx/framework/include/touchgfx/Drawable.hpp:368:18:virtual void touchgfx::Drawable::setHeight(int16_t)	0	static
../../Appli/../../Appli/Middlewares/ST/touchgfx/framework/include/touchgfx/Drawable.hpp:378:18:virtual void touchgfx::Drawable::childGeometryChanged()	0	static
../../Appli/../../Appli/Middlewares/ST/touchgfx/framework/include/touchgfx/Drawable.hpp:389:18:virtual void touchgfx::Drawable::handleClickEvent(const touchgfx::ClickEvent&)	0	static
../../Appli/../../Appli/Middlewares/ST/touchgfx/framework/include/touchgfx/Drawable.hpp:401:18:virtual void touchgfx::Drawable::handleGestureEvent(const touchgfx::GestureEvent&)	0	static
../../Appli/../../Appli/Middlewares/ST/touchgfx/framework/include/touchgfx/Drawable.hpp:490:18:virtual void touchgfx::Drawable::handleDragEvent(const touchgfx::DragEvent&)	0	static
../../Appli/../../Appli/Middlewares/ST/touchgfx/framework/include/touchgfx/Drawable.hpp:501:18:virtual void touchgfx::Drawable::handleTickEvent()	0	static
../../Appli/../../Appli/Middlewares/ST/touchgfx/framework/include/touchgfx/Drawable.hpp:588:18:virtual void touchgfx::Drawable::moveTo(int16_t, int16_t)	4	static
../../Appli/../../Appli/Middlewares/ST/touchgfx/framework/include/touchgfx/containers/Container.hpp:165:23:virtual touchgfx::Drawable* touchgfx::Container::getFirstChild()	0	static
../../Appli/../../Appli/TouchGFX/gui/include/gui/containers/NeoChromToggleButton_Compass.hpp:10:13:NeoChromToggleButton_Compass::~NeoChromToggleButton_Compass()	8	static
../../Appli/../../Appli/TouchGFX/gui/include/gui/containers/NeoChromToggleButton_Compass.hpp:10:13:virtual NeoChromToggleButton_Compass::~NeoChromToggleButton_Compass()	8	static
../../Appli/../../Appli/Middlewares/ST/touchgfx/framework/include/touchgfx/Drawable.hpp:121:18:virtual void touchgfx::Drawable::invalidateContent() const	0	static
../../Appli/../../Appli/Middlewares/ST/touchgfx/framework/include/touchgfx/Drawable.hpp:343:10:void touchgfx::Drawable::setXY(int16_t, int16_t)	16	static
C:/TouchGFXProjects/STM32H7S78-DKTouchGFXDemo1.1.2/H7RSDemo/Appli/TouchGFX/gui/src/containers/NeoChromToggleButton_Compass.cpp:17:1:NeoChromToggleButton_Compass::NeoChromToggleButton_Compass()	8	static
C:/TouchGFXProjects/STM32H7S78-DKTouchGFXDemo1.1.2/H7RSDemo/Appli/TouchGFX/gui/src/containers/NeoChromToggleButton_Compass.cpp:97:6:void NeoChromToggleButton_Compass::invalidateTextLabels()	8	static
C:/TouchGFXProjects/STM32H7S78-DKTouchGFXDemo1.1.2/H7RSDemo/Appli/TouchGFX/gui/src/containers/NeoChromToggleButton_Compass.cpp:61:6:void NeoChromToggleButton_Compass::changeTextLabelColorsToOnState()	0	static
C:/TouchGFXProjects/STM32H7S78-DKTouchGFXDemo1.1.2/H7RSDemo/Appli/TouchGFX/gui/src/containers/NeoChromToggleButton_Compass.cpp:89:6:void NeoChromToggleButton_Compass::changeTextLabelColorsToOffState()	0	static
../../Appli/../../Appli/Middlewares/ST/touchgfx/framework/include/touchgfx/mixins/FadeAnimator.hpp:122:10:void touchgfx::FadeAnimator<T>::startFadeAnimation(uint8_t, uint16_t, touchgfx::EasingEquation) [with T = touchgfx::MoveAnimator<touchgfx::Image>]	24	static
../../Appli/../../Appli/Middlewares/ST/touchgfx/framework/include/touchgfx/mixins/MoveAnimator.hpp:131:10:void touchgfx::MoveAnimator<T>::startMoveAnimation(int16_t, int16_t, uint16_t, touchgfx::EasingEquation, touchgfx::EasingEquation) [with T = touchgfx::Image]	32	static
C:/TouchGFXProjects/STM32H7S78-DKTouchGFXDemo1.1.2/H7RSDemo/Appli/TouchGFX/gui/src/containers/NeoChromToggleButton_Compass.cpp:50:6:void NeoChromToggleButton_Compass::moveIndicatorsToOnState()	24	static
C:/TouchGFXProjects/STM32H7S78-DKTouchGFXDemo1.1.2/H7RSDemo/Appli/TouchGFX/gui/src/containers/NeoChromToggleButton_Compass.cpp:41:6:void NeoChromToggleButton_Compass::setButtonStateToOn()	8	static
C:/TouchGFXProjects/STM32H7S78-DKTouchGFXDemo1.1.2/H7RSDemo/Appli/TouchGFX/gui/src/containers/NeoChromToggleButton_Compass.cpp:78:6:void NeoChromToggleButton_Compass::moveIndicatorsToOffState()	24	static
C:/TouchGFXProjects/STM32H7S78-DKTouchGFXDemo1.1.2/H7RSDemo/Appli/TouchGFX/gui/src/containers/NeoChromToggleButton_Compass.cpp:69:6:void NeoChromToggleButton_Compass::setButtonStateToOff()	8	static
C:/TouchGFXProjects/STM32H7S78-DKTouchGFXDemo1.1.2/H7RSDemo/Appli/TouchGFX/gui/src/containers/NeoChromToggleButton_Compass.cpp:27:6:virtual void NeoChromToggleButton_Compass::toggleNeoChrom()	8	static
C:/TouchGFXProjects/STM32H7S78-DKTouchGFXDemo1.1.2/H7RSDemo/Appli/TouchGFX/gui/src/containers/NeoChromToggleButton_Compass.cpp:22:6:virtual void NeoChromToggleButton_Compass::initialize()	0	static
