../../Appli/../../Appli/Middlewares/ST/touchgfx/framework/include/touchgfx/Screen.hpp:104:18:virtual void touchgfx::Screen::afterTransition()	0	static
../../Appli/../../Appli/Middlewares/ST/touchgfx/framework/include/touchgfx/Screen.hpp:154:18:virtual void touchgfx::Screen::handleKeyEvent(uint8_t)	0	static
../../Appli/../../Appli/Middlewares/ST/touchgfx/framework/include/touchgfx/Callback.hpp:357:8:touchgfx::Callback<RoussetDemoView, const touchgfx::MoveAnimator<touchgfx::Container>&>::~Callback()	0	static
C:/TouchGFXProjects/STM32H7S78-DKTouchGFXDemo1.1.2/H7RSDemo/Appli/TouchGFX/gui/src/roussetdemo_screen/RoussetDemoView.cpp:33:6:virtual void RoussetDemoView::tearDownScreen()	0	static
../../Appli/../../Appli/Middlewares/ST/touchgfx/framework/include/touchgfx/Callback.hpp:386:18:void touchgfx::Callback<dest_type, T1, void, void>::execute(T1) [with dest_type = RoussetDemoView; T1 = const touchgfx::MoveAnimator<touchgfx::Container>&]	8	static
../../Appli/../../Appli/Middlewares/ST/touchgfx/framework/include/touchgfx/Callback.hpp:396:18:bool touchgfx::Callback<dest_type, T1, void, void>::isValid() const [with dest_type = RoussetDemoView; T1 = const touchgfx::MoveAnimator<touchgfx::Container>&]	0	static
../../Appli/../../Appli/Middlewares/ST/touchgfx/framework/include/touchgfx/Callback.hpp:357:8:virtual touchgfx::Callback<RoussetDemoView, const touchgfx::MoveAnimator<touchgfx::Container>&>::~Callback()	8	static
C:/TouchGFXProjects/STM32H7S78-DKTouchGFXDemo1.1.2/H7RSDemo/Appli/TouchGFX/gui/src/roussetdemo_screen/RoussetDemoView.cpp:701:6:virtual void RoussetDemoView::groundhogClickHandler()	0	static
../../Appli/../../Appli/TouchGFX/gui/include/gui/roussetdemo_screen/RoussetDemoView.hpp:11:13:RoussetDemoView::~RoussetDemoView()	8	static
../../Appli/../../Appli/TouchGFX/gui/include/gui/roussetdemo_screen/RoussetDemoView.hpp:11:13:virtual RoussetDemoView::~RoussetDemoView()	8	static
../../Appli/../../Appli/Middlewares/ST/touchgfx/framework/include/touchgfx/Drawable.hpp:121:18:virtual void touchgfx::Drawable::invalidateContent() const	0	static
../../Appli/../../Appli/Middlewares/ST/touchgfx/framework/include/touchgfx/Drawable.hpp:588:18:virtual void touchgfx::Drawable::moveTo(int16_t, int16_t)	4	static
../../Appli/../../Appli/Middlewares/ST/touchgfx/framework/include/touchgfx/widgets/TextureMapper.hpp:160:18:virtual void touchgfx::TextureMapper::setZAngle(float)	0	static
../../Appli/../../Appli/Middlewares/ST/touchgfx/framework/include/touchgfx/widgets/TextureMapper.hpp:612:18:virtual void touchgfx::TextureMapper::invalidateContent() const	16	static
C:/TouchGFXProjects/STM32H7S78-DKTouchGFXDemo1.1.2/H7RSDemo/Appli/TouchGFX/gui/src/roussetdemo_screen/RoussetDemoView.cpp:7:1:RoussetDemoView::RoussetDemoView()	8	static
C:/TouchGFXProjects/STM32H7S78-DKTouchGFXDemo1.1.2/H7RSDemo/Appli/TouchGFX/gui/src/roussetdemo_screen/RoussetDemoView.cpp:60:6:void RoussetDemoView::startupAnimation()	0	static
C:/TouchGFXProjects/STM32H7S78-DKTouchGFXDemo1.1.2/H7RSDemo/Appli/TouchGFX/gui/src/roussetdemo_screen/RoussetDemoView.cpp:68:6:void RoussetDemoView::startupAnimationEnd()	0	static
C:/TouchGFXProjects/STM32H7S78-DKTouchGFXDemo1.1.2/H7RSDemo/Appli/TouchGFX/gui/src/roussetdemo_screen/RoussetDemoView.cpp:155:6:void RoussetDemoView::truckBackwardAnimation()	0	static
C:/TouchGFXProjects/STM32H7S78-DKTouchGFXDemo1.1.2/H7RSDemo/Appli/TouchGFX/gui/src/roussetdemo_screen/RoussetDemoView.cpp:183:6:void RoussetDemoView::mcuAnimationInit()	0	static
C:/TouchGFXProjects/STM32H7S78-DKTouchGFXDemo1.1.2/H7RSDemo/Appli/TouchGFX/gui/src/roussetdemo_screen/RoussetDemoView.cpp:259:6:void RoussetDemoView::mcuAnimationEnd()	0	static
C:/TouchGFXProjects/STM32H7S78-DKTouchGFXDemo1.1.2/H7RSDemo/Appli/TouchGFX/gui/src/roussetdemo_screen/RoussetDemoView.cpp:277:6:void RoussetDemoView::truckOnwardAnimation()	0	static
C:/TouchGFXProjects/STM32H7S78-DKTouchGFXDemo1.1.2/H7RSDemo/Appli/TouchGFX/gui/src/roussetdemo_screen/RoussetDemoView.cpp:286:6:void RoussetDemoView::truckOnwardAnimationEnd()	0	static
C:/TouchGFXProjects/STM32H7S78-DKTouchGFXDemo1.1.2/H7RSDemo/Appli/TouchGFX/gui/src/roussetdemo_screen/RoussetDemoView.cpp:354:6:void RoussetDemoView::nightAnimation()	0	static
C:/TouchGFXProjects/STM32H7S78-DKTouchGFXDemo1.1.2/H7RSDemo/Appli/TouchGFX/gui/src/roussetdemo_screen/RoussetDemoView.cpp:405:6:void RoussetDemoView::dayAnimation()	0	static
C:/TouchGFXProjects/STM32H7S78-DKTouchGFXDemo1.1.2/H7RSDemo/Appli/TouchGFX/gui/src/roussetdemo_screen/RoussetDemoView.cpp:427:6:void RoussetDemoView::waitAnimation()	0	static
C:/TouchGFXProjects/STM32H7S78-DKTouchGFXDemo1.1.2/H7RSDemo/Appli/TouchGFX/gui/src/roussetdemo_screen/RoussetDemoView.cpp:437:6:void RoussetDemoView::updateMcuLoad()	16	static
C:/TouchGFXProjects/STM32H7S78-DKTouchGFXDemo1.1.2/H7RSDemo/Appli/TouchGFX/gui/src/roussetdemo_screen/RoussetDemoView.cpp:450:6:void RoussetDemoView::updateFps()	8	static
C:/TouchGFXProjects/STM32H7S78-DKTouchGFXDemo1.1.2/H7RSDemo/Appli/TouchGFX/gui/src/roussetdemo_screen/RoussetDemoView.cpp:480:6:bool RoussetDemoView::isLargeVideoActive()	0	static
C:/TouchGFXProjects/STM32H7S78-DKTouchGFXDemo1.1.2/H7RSDemo/Appli/TouchGFX/gui/src/roussetdemo_screen/RoussetDemoView.cpp:486:6:bool RoussetDemoView::isCoverFlowActive()	0	static
C:/TouchGFXProjects/STM32H7S78-DKTouchGFXDemo1.1.2/H7RSDemo/Appli/TouchGFX/gui/src/roussetdemo_screen/RoussetDemoView.cpp:606:6:void RoussetDemoView::changeState(statemachineStep_enum)	0	static
../../Appli/../../Appli/Middlewares/ST/touchgfx/framework/include/touchgfx/mixins/FadeAnimator.hpp:122:10:void touchgfx::FadeAnimator<T>::startFadeAnimation(uint8_t, uint16_t, touchgfx::EasingEquation) [with T = touchgfx::Box]	24	static
C:/TouchGFXProjects/STM32H7S78-DKTouchGFXDemo1.1.2/H7RSDemo/Appli/TouchGFX/gui/src/roussetdemo_screen/RoussetDemoView.cpp:491:6:void RoussetDemoView::fadeInSmallVideo()	8	static
../../Appli/../../Appli/Middlewares/ST/touchgfx/framework/include/touchgfx/mixins/FadeAnimator.hpp:122:10:void touchgfx::FadeAnimator<T>::startFadeAnimation(uint8_t, uint16_t, touchgfx::EasingEquation) [with T = touchgfx::Image]	24	static
../../Appli/../../Appli/Middlewares/ST/touchgfx/framework/include/touchgfx/mixins/MoveAnimator.hpp:131:10:void touchgfx::MoveAnimator<T>::startMoveAnimation(int16_t, int16_t, uint16_t, touchgfx::EasingEquation, touchgfx::EasingEquation) [with T = touchgfx::TextureMapper]	32	static
../../Appli/../../Appli/Middlewares/ST/touchgfx/framework/include/touchgfx/mixins/MoveAnimator.hpp:131:10:void touchgfx::MoveAnimator<T>::startMoveAnimation(int16_t, int16_t, uint16_t, touchgfx::EasingEquation, touchgfx::EasingEquation) [with T = touchgfx::Image]	32	static
../../Appli/../../Appli/Middlewares/ST/touchgfx/framework/include/touchgfx/mixins/MoveAnimator.hpp:131:10:void touchgfx::MoveAnimator<T>::startMoveAnimation(int16_t, int16_t, uint16_t, touchgfx::EasingEquation, touchgfx::EasingEquation) [with T = touchgfx::Container]	32	static
C:/TouchGFXProjects/STM32H7S78-DKTouchGFXDemo1.1.2/H7RSDemo/Appli/TouchGFX/gui/src/roussetdemo_screen/RoussetDemoView.cpp:474:6:virtual void RoussetDemoView::closeLargeVideo()	16	static
C:/TouchGFXProjects/STM32H7S78-DKTouchGFXDemo1.1.2/H7RSDemo/Appli/TouchGFX/gui/src/roussetdemo_screen/RoussetDemoView.cpp:24:6:virtual void RoussetDemoView::setupScreen()	8	static
C:/TouchGFXProjects/STM32H7S78-DKTouchGFXDemo1.1.2/H7RSDemo/Appli/TouchGFX/gui/src/roussetdemo_screen/RoussetDemoView.cpp:43:6:void RoussetDemoView::startupAnimationInit()	16	static
C:/TouchGFXProjects/STM32H7S78-DKTouchGFXDemo1.1.2/H7RSDemo/Appli/TouchGFX/gui/src/roussetdemo_screen/RoussetDemoView.cpp:80:6:void RoussetDemoView::introScaleOutAnimationInit()	24	static
C:/TouchGFXProjects/STM32H7S78-DKTouchGFXDemo1.1.2/H7RSDemo/Appli/TouchGFX/gui/src/roussetdemo_screen/RoussetDemoView.cpp:97:6:void RoussetDemoView::introScaleOutAnimation()	8	static
C:/TouchGFXProjects/STM32H7S78-DKTouchGFXDemo1.1.2/H7RSDemo/Appli/TouchGFX/gui/src/roussetdemo_screen/RoussetDemoView.cpp:109:6:void RoussetDemoView::introScaleOutAnimationEnd()	8	static
C:/TouchGFXProjects/STM32H7S78-DKTouchGFXDemo1.1.2/H7RSDemo/Appli/TouchGFX/gui/src/roussetdemo_screen/RoussetDemoView.cpp:164:6:void RoussetDemoView::truckBackwardAnimationEnd()	8	static
C:/TouchGFXProjects/STM32H7S78-DKTouchGFXDemo1.1.2/H7RSDemo/Appli/TouchGFX/gui/src/roussetdemo_screen/RoussetDemoView.cpp:269:6:void RoussetDemoView::truckOnwardAnimationInit()	24	static
C:/TouchGFXProjects/STM32H7S78-DKTouchGFXDemo1.1.2/H7RSDemo/Appli/TouchGFX/gui/src/roussetdemo_screen/RoussetDemoView.cpp:379:6:void RoussetDemoView::dayAnimationInit()	32	static
C:/TouchGFXProjects/STM32H7S78-DKTouchGFXDemo1.1.2/H7RSDemo/Appli/TouchGFX/gui/src/roussetdemo_screen/RoussetDemoView.cpp:129:6:void RoussetDemoView::truckBackwardAnimationInit()	32	static
C:/TouchGFXProjects/STM32H7S78-DKTouchGFXDemo1.1.2/H7RSDemo/Appli/TouchGFX/gui/src/roussetdemo_screen/RoussetDemoView.cpp:648:6:virtual void RoussetDemoView::carClickHandler()	16	static
C:/TouchGFXProjects/STM32H7S78-DKTouchGFXDemo1.1.2/H7RSDemo/Appli/TouchGFX/gui/src/roussetdemo_screen/RoussetDemoView.cpp:190:6:void RoussetDemoView::mcuAnimation()	32	static
C:/TouchGFXProjects/STM32H7S78-DKTouchGFXDemo1.1.2/H7RSDemo/Appli/TouchGFX/gui/src/roussetdemo_screen/RoussetDemoView.cpp:662:6:virtual void RoussetDemoView::pineconeClickHandler()	32	static
C:/TouchGFXProjects/STM32H7S78-DKTouchGFXDemo1.1.2/H7RSDemo/Appli/TouchGFX/gui/src/roussetdemo_screen/RoussetDemoView.cpp:309:6:void RoussetDemoView::nightAnimationInit()	8	static
C:/TouchGFXProjects/STM32H7S78-DKTouchGFXDemo1.1.2/H7RSDemo/Appli/TouchGFX/gui/src/roussetdemo_screen/RoussetDemoView.cpp:316:6:void RoussetDemoView::nightAnimationFadeClouds()	32	static
C:/TouchGFXProjects/STM32H7S78-DKTouchGFXDemo1.1.2/H7RSDemo/Appli/TouchGFX/gui/src/roussetdemo_screen/RoussetDemoView.cpp:363:6:void RoussetDemoView::nightAnimationEnd()	8	static
C:/TouchGFXProjects/STM32H7S78-DKTouchGFXDemo1.1.2/H7RSDemo/Appli/TouchGFX/gui/src/roussetdemo_screen/RoussetDemoView.cpp:414:6:void RoussetDemoView::dayAnimationEnd()	8	static
C:/TouchGFXProjects/STM32H7S78-DKTouchGFXDemo1.1.2/H7RSDemo/Appli/TouchGFX/gui/src/roussetdemo_screen/RoussetDemoView.cpp:503:6:void RoussetDemoView::stateMachine()	0	static
C:/TouchGFXProjects/STM32H7S78-DKTouchGFXDemo1.1.2/H7RSDemo/Appli/TouchGFX/gui/src/roussetdemo_screen/RoussetDemoView.cpp:616:6:virtual void RoussetDemoView::videoClickHandler()	32	static
C:/TouchGFXProjects/STM32H7S78-DKTouchGFXDemo1.1.2/H7RSDemo/Appli/TouchGFX/gui/src/roussetdemo_screen/RoussetDemoView.cpp:639:6:virtual void RoussetDemoView::coverflowClickHandler()	0	static
C:/TouchGFXProjects/STM32H7S78-DKTouchGFXDemo1.1.2/H7RSDemo/Appli/TouchGFX/gui/src/roussetdemo_screen/RoussetDemoView.cpp:707:6:virtual void RoussetDemoView::videoContainerMoveAnimationEndedHandler(const touchgfx::MoveAnimator<touchgfx::Container>&)	16	static
C:/TouchGFXProjects/STM32H7S78-DKTouchGFXDemo1.1.2/H7RSDemo/Appli/TouchGFX/gui/src/roussetdemo_screen/RoussetDemoView.cpp:730:6:virtual void RoussetDemoView::handleTickEvent()	16	static
