../../Appli/../../Appli/Middlewares/ST/touchgfx/framework/include/touchgfx/Drawable.hpp:315:18:virtual void touchgfx::Drawable::setX(int16_t)	0	static
../../Appli/../../Appli/Middlewares/ST/touchgfx/framework/include/touchgfx/Drawable.hpp:327:18:virtual void touchgfx::Drawable::setY(int16_t)	0	static
../../Appli/../../Appli/Middlewares/ST/touchgfx/framework/include/touchgfx/Drawable.hpp:356:18:virtual void touchgfx::Drawable::setWidth(int16_t)	0	static
../../Appli/../../Appli/Middlewares/ST/touchgfx/framework/include/touchgfx/Drawable.hpp:368:18:virtual void touchgfx::Drawable::setHeight(int16_t)	0	static
../../Appli/../../Appli/Middlewares/ST/touchgfx/framework/include/touchgfx/Drawable.hpp:378:18:virtual void touchgfx::Drawable::childGeometryChanged()	0	static
../../Appli/../../Appli/Middlewares/ST/touchgfx/framework/include/touchgfx/Drawable.hpp:389:18:virtual void touchgfx::Drawable::handleClickEvent(const touchgfx::ClickEvent&)	0	static
../../Appli/../../Appli/Middlewares/ST/touchgfx/framework/include/touchgfx/Drawable.hpp:401:18:virtual void touchgfx::Drawable::handleGestureEvent(const touchgfx::GestureEvent&)	0	static
../../Appli/../../Appli/Middlewares/ST/touchgfx/framework/include/touchgfx/Drawable.hpp:490:18:virtual void touchgfx::Drawable::handleDragEvent(const touchgfx::DragEvent&)	0	static
../../Appli/../../Appli/Middlewares/ST/touchgfx/framework/include/touchgfx/Drawable.hpp:501:18:virtual void touchgfx::Drawable::handleTickEvent()	0	static
../../Appli/../../Appli/Middlewares/ST/touchgfx/framework/include/touchgfx/Drawable.hpp:588:18:virtual void touchgfx::Drawable::moveTo(int16_t, int16_t)	4	static
../../Appli/../../Appli/Middlewares/ST/touchgfx/framework/include/touchgfx/containers/Container.hpp:165:23:virtual touchgfx::Drawable* touchgfx::Container::getFirstChild()	0	static
../../Appli/../../Appli/TouchGFX/gui/include/gui/containers/ScreenTranstionsTopbarContainer.hpp:11:13:ScreenTranstionsTopbarContainer::~ScreenTranstionsTopbarContainer()	8	static
../../Appli/../../Appli/TouchGFX/gui/include/gui/containers/ScreenTranstionsTopbarContainer.hpp:11:13:virtual ScreenTranstionsTopbarContainer::~ScreenTranstionsTopbarContainer()	8	static
../../Appli/../../Appli/Middlewares/ST/touchgfx/framework/include/touchgfx/Drawable.hpp:121:18:virtual void touchgfx::Drawable::invalidateContent() const	0	static
../../Appli/../../Appli/Middlewares/ST/touchgfx/framework/include/touchgfx/Bitmap.hpp:146:14:touchgfx::BitmapId touchgfx::Bitmap::getId() const	8	static
../../Appli/../../Appli/TouchGFX/generated/gui_generated/include/gui_generated/containers/ScreenTranstionsTopbarContainerBase.hpp:48:18:virtual void ScreenTranstionsTopbarContainerBase::emitChromARTStateChangedTriggerCallback(bool)	16	static
C:/TouchGFXProjects/STM32H7S78-DKTouchGFXDemo1.1.2/H7RSDemo/Appli/TouchGFX/gui/src/containers/ScreenTranstionsTopbarContainer.cpp:4:1:ScreenTranstionsTopbarContainer::ScreenTranstionsTopbarContainer()	8	static
C:/TouchGFXProjects/STM32H7S78-DKTouchGFXDemo1.1.2/H7RSDemo/Appli/TouchGFX/gui/src/containers/ScreenTranstionsTopbarContainer.cpp:31:6:void ScreenTranstionsTopbarContainer::animationStateChanged(bool)	0	static
C:/TouchGFXProjects/STM32H7S78-DKTouchGFXDemo1.1.2/H7RSDemo/Appli/TouchGFX/gui/src/containers/ScreenTranstionsTopbarContainer.cpp:36:6:void ScreenTranstionsTopbarContainer::updateMCU(uint16_t)	8	static
C:/TouchGFXProjects/STM32H7S78-DKTouchGFXDemo1.1.2/H7RSDemo/Appli/TouchGFX/gui/src/containers/ScreenTranstionsTopbarContainer.cpp:42:6:void ScreenTranstionsTopbarContainer::updateFPS(uint16_t)	8	static
../../Appli/../../Appli/Middlewares/ST/touchgfx/framework/include/touchgfx/mixins/FadeAnimator.hpp:122:10:void touchgfx::FadeAnimator<T>::startFadeAnimation(uint8_t, uint16_t, touchgfx::EasingEquation) [with T = touchgfx::Image]	24	static
C:/TouchGFXProjects/STM32H7S78-DKTouchGFXDemo1.1.2/H7RSDemo/Appli/TouchGFX/gui/src/containers/ScreenTranstionsTopbarContainer.cpp:19:6:virtual void ScreenTranstionsTopbarContainer::chromARTStateChangedAction(bool)	8	static
C:/TouchGFXProjects/STM32H7S78-DKTouchGFXDemo1.1.2/H7RSDemo/Appli/TouchGFX/gui/src/containers/ScreenTranstionsTopbarContainer.cpp:9:6:virtual void ScreenTranstionsTopbarContainer::initialize()	8	static
