../../Appli/../../Appli/Middlewares/ST/touchgfx/framework/include/touchgfx/Screen.hpp:104:18:virtual void touchgfx::Screen::afterTransition()	0	static
../../Appli/../../Appli/Middlewares/ST/touchgfx/framework/include/touchgfx/Screen.hpp:154:18:virtual void touchgfx::Screen::handleKeyEvent(uint8_t)	0	static
C:/TouchGFXProjects/STM32H7S78-DKTouchGFXDemo1.1.2/H7RSDemo/Appli/TouchGFX/gui/src/svg_screen/SVGView.cpp:20:6:virtual void SVGView::tearDownScreen()	0	static
C:/TouchGFXProjects/STM32H7S78-DKTouchGFXDemo1.1.2/H7RSDemo/Appli/TouchGFX/gui/src/svg_screen/SVGView.cpp:90:6:virtual void SVGView::iceScoopScrollWheelUpdateItem(IceScoopItemContainer_SVG&, int16_t)	0	static
C:/TouchGFXProjects/STM32H7S78-DKTouchGFXDemo1.1.2/H7RSDemo/Appli/TouchGFX/gui/src/svg_screen/SVGView.cpp:116:6:virtual void SVGView::resetTickCounter()	0	static
../../Appli/../../Appli/TouchGFX/gui/include/gui/svg_screen/SVGView.hpp:12:13:SVGView::~SVGView()	8	static
../../Appli/../../Appli/TouchGFX/gui/include/gui/svg_screen/SVGView.hpp:12:13:virtual SVGView::~SVGView()	8	static
C:/TouchGFXProjects/STM32H7S78-DKTouchGFXDemo1.1.2/H7RSDemo/Appli/TouchGFX/gui/src/svg_screen/SVGView.cpp:6:1:SVGView::SVGView()	8	static
C:/TouchGFXProjects/STM32H7S78-DKTouchGFXDemo1.1.2/H7RSDemo/Appli/TouchGFX/gui/src/svg_screen/SVGView.cpp:81:6:void SVGView::moveTheWaffleBackFromButtom()	32	static
C:/TouchGFXProjects/STM32H7S78-DKTouchGFXDemo1.1.2/H7RSDemo/Appli/TouchGFX/gui/src/svg_screen/SVGView.cpp:107:6:void SVGView::attractUserAttentionToWaffleMenu()	8	static
C:/TouchGFXProjects/STM32H7S78-DKTouchGFXDemo1.1.2/H7RSDemo/Appli/TouchGFX/gui/src/svg_screen/SVGView.cpp:95:6:virtual void SVGView::handleTickEvent()	16	static
C:/TouchGFXProjects/STM32H7S78-DKTouchGFXDemo1.1.2/H7RSDemo/Appli/TouchGFX/gui/src/svg_screen/SVGView.cpp:11:6:virtual void SVGView::setupScreen()	8	static
C:/TouchGFXProjects/STM32H7S78-DKTouchGFXDemo1.1.2/H7RSDemo/Appli/TouchGFX/gui/src/svg_screen/SVGView.cpp:52:6:void SVGView::changeWaffleToBig()	24	static
C:/TouchGFXProjects/STM32H7S78-DKTouchGFXDemo1.1.2/H7RSDemo/Appli/TouchGFX/gui/src/svg_screen/SVGView.cpp:61:6:void SVGView::changeWaffleToMedium()	24	static
C:/TouchGFXProjects/STM32H7S78-DKTouchGFXDemo1.1.2/H7RSDemo/Appli/TouchGFX/gui/src/svg_screen/SVGView.cpp:71:6:void SVGView::changeWaffleToSmall()	24	static
C:/TouchGFXProjects/STM32H7S78-DKTouchGFXDemo1.1.2/H7RSDemo/Appli/TouchGFX/gui/src/svg_screen/SVGView.cpp:32:6:void SVGView::findOutTheChosenWaffleSize()	8	static
C:/TouchGFXProjects/STM32H7S78-DKTouchGFXDemo1.1.2/H7RSDemo/Appli/TouchGFX/gui/src/svg_screen/SVGView.cpp:25:6:virtual void SVGView::changeTheMainWaffle()	8	static
C:/TouchGFXProjects/STM32H7S78-DKTouchGFXDemo1.1.2/H7RSDemo/Appli/TouchGFX/gui/src/svg_screen/SVGView.cpp:122:6:virtual void SVGView::moveIceScoopsToLeft()	8	static
C:/TouchGFXProjects/STM32H7S78-DKTouchGFXDemo1.1.2/H7RSDemo/Appli/TouchGFX/gui/src/svg_screen/SVGView.cpp:127:6:virtual void SVGView::moveIceScoopsToRight()	8	static
