../../Appli/../../Appli/Middlewares/ST/touchgfx/framework/include/touchgfx/Drawable.hpp:315:18:virtual void touchgfx::Drawable::setX(int16_t)	0	static
../../Appli/../../Appli/Middlewares/ST/touchgfx/framework/include/touchgfx/Drawable.hpp:327:18:virtual void touchgfx::Drawable::setY(int16_t)	0	static
../../Appli/../../Appli/Middlewares/ST/touchgfx/framework/include/touchgfx/Drawable.hpp:356:18:virtual void touchgfx::Drawable::setWidth(int16_t)	0	static
../../Appli/../../Appli/Middlewares/ST/touchgfx/framework/include/touchgfx/Drawable.hpp:368:18:virtual void touchgfx::Drawable::setHeight(int16_t)	0	static
../../Appli/../../Appli/Middlewares/ST/touchgfx/framework/include/touchgfx/Drawable.hpp:378:18:virtual void touchgfx::Drawable::childGeometryChanged()	0	static
../../Appli/../../Appli/Middlewares/ST/touchgfx/framework/include/touchgfx/Drawable.hpp:389:18:virtual void touchgfx::Drawable::handleClickEvent(const touchgfx::ClickEvent&)	0	static
../../Appli/../../Appli/Middlewares/ST/touchgfx/framework/include/touchgfx/Drawable.hpp:401:18:virtual void touchgfx::Drawable::handleGestureEvent(const touchgfx::GestureEvent&)	0	static
../../Appli/../../Appli/Middlewares/ST/touchgfx/framework/include/touchgfx/Drawable.hpp:490:18:virtual void touchgfx::Drawable::handleDragEvent(const touchgfx::DragEvent&)	0	static
../../Appli/../../Appli/Middlewares/ST/touchgfx/framework/include/touchgfx/Drawable.hpp:501:18:virtual void touchgfx::Drawable::handleTickEvent()	0	static
../../Appli/../../Appli/Middlewares/ST/touchgfx/framework/include/touchgfx/Drawable.hpp:588:18:virtual void touchgfx::Drawable::moveTo(int16_t, int16_t)	4	static
../../Appli/../../Appli/Middlewares/ST/touchgfx/framework/include/touchgfx/containers/Container.hpp:165:23:virtual touchgfx::Drawable* touchgfx::Container::getFirstChild()	0	static
../../Appli/../../Appli/Middlewares/ST/touchgfx/framework/include/touchgfx/TypedText.hpp:65:13:touchgfx::TypedText::~TypedText()	0	static
../../Appli/../../Appli/Middlewares/ST/touchgfx/framework/include/touchgfx/TypedText.hpp:65:13:virtual touchgfx::TypedText::~TypedText()	8	static
../../Appli/../../Appli/TouchGFX/gui/include/gui/containers/transitionItem.hpp:10:13:transitionItem::~transitionItem()	8	static
../../Appli/../../Appli/TouchGFX/gui/include/gui/containers/transitionItem.hpp:10:13:virtual transitionItem::~transitionItem()	8	static
../../Appli/../../Appli/Middlewares/ST/touchgfx/framework/include/touchgfx/Drawable.hpp:121:18:virtual void touchgfx::Drawable::invalidateContent() const	0	static
C:/TouchGFXProjects/STM32H7S78-DKTouchGFXDemo1.1.2/H7RSDemo/Appli/TouchGFX/gui/src/containers/transitionItem.cpp:3:1:transitionItem::transitionItem()	8	static
C:/TouchGFXProjects/STM32H7S78-DKTouchGFXDemo1.1.2/H7RSDemo/Appli/TouchGFX/gui/src/containers/transitionItem.cpp:18:6:void transitionItem::setName(uint16_t)	16	static
C:/TouchGFXProjects/STM32H7S78-DKTouchGFXDemo1.1.2/H7RSDemo/Appli/TouchGFX/gui/src/containers/transitionItem.cpp:23:6:void transitionItem::fade(uint8_t, uint16_t, touchgfx::EasingEquation)	32	static
C:/TouchGFXProjects/STM32H7S78-DKTouchGFXDemo1.1.2/H7RSDemo/Appli/TouchGFX/gui/src/containers/transitionItem.cpp:8:6:virtual void transitionItem::initialize()	0	static
C:/TouchGFXProjects/STM32H7S78-DKTouchGFXDemo1.1.2/H7RSDemo/Appli/TouchGFX/gui/src/containers/transitionItem.cpp:13:6:void transitionItem::setIcon(uint16_t)	16	static
