../../Appli/../../Appli/Middlewares/ST/touchgfx/framework/include/touchgfx/Screen.hpp:104:18:virtual void touchgfx::Screen::afterTransition()	0	static
../../Appli/../../Appli/Middlewares/ST/touchgfx/framework/include/touchgfx/Screen.hpp:144:18:virtual void touchgfx::Screen::handleTickEvent()	0	static
../../Appli/../../Appli/Middlewares/ST/touchgfx/framework/include/touchgfx/Screen.hpp:154:18:virtual void touchgfx::Screen::handleKeyEvent(uint8_t)	0	static
C:/TouchGFXProjects/STM32H7S78-DKTouchGFXDemo1.1.2/H7RSDemo/Appli/TouchGFX/gui/src/videointroscreen_screen/VideoIntroScreenView.cpp:14:6:virtual void VideoIntroScreenView::tearDownScreen()	0	static
../../Appli/../../Appli/TouchGFX/gui/include/gui/videointroscreen_screen/VideoIntroScreenView.hpp:11:13:VideoIntroScreenView::~VideoIntroScreenView()	8	static
../../Appli/../../Appli/TouchGFX/gui/include/gui/videointroscreen_screen/VideoIntroScreenView.hpp:11:13:virtual VideoIntroScreenView::~VideoIntroScreenView()	8	static
C:/TouchGFXProjects/STM32H7S78-DKTouchGFXDemo1.1.2/H7RSDemo/Appli/TouchGFX/gui/src/videointroscreen_screen/VideoIntroScreenView.cpp:3:1:VideoIntroScreenView::VideoIntroScreenView()	8	static
C:/TouchGFXProjects/STM32H7S78-DKTouchGFXDemo1.1.2/H7RSDemo/Appli/TouchGFX/gui/src/videointroscreen_screen/VideoIntroScreenView.cpp:8:6:virtual void VideoIntroScreenView::setupScreen()	8	static
