../../Appli/../../Appli/Middlewares/ST/touchgfx/framework/include/touchgfx/Drawable.hpp:315:18:virtual void touchgfx::Drawable::setX(int16_t)	0	static
../../Appli/../../Appli/Middlewares/ST/touchgfx/framework/include/touchgfx/Drawable.hpp:327:18:virtual void touchgfx::Drawable::setY(int16_t)	0	static
../../Appli/../../Appli/Middlewares/ST/touchgfx/framework/include/touchgfx/Drawable.hpp:356:18:virtual void touchgfx::Drawable::setWidth(int16_t)	0	static
../../Appli/../../Appli/Middlewares/ST/touchgfx/framework/include/touchgfx/Drawable.hpp:368:18:virtual void touchgfx::Drawable::setHeight(int16_t)	0	static
../../Appli/../../Appli/Middlewares/ST/touchgfx/framework/include/touchgfx/Drawable.hpp:378:18:virtual void touchgfx::Drawable::childGeometryChanged()	0	static
../../Appli/../../Appli/Middlewares/ST/touchgfx/framework/include/touchgfx/Drawable.hpp:389:18:virtual void touchgfx::Drawable::handleClickEvent(const touchgfx::ClickEvent&)	0	static
../../Appli/../../Appli/Middlewares/ST/touchgfx/framework/include/touchgfx/Drawable.hpp:401:18:virtual void touchgfx::Drawable::handleGestureEvent(const touchgfx::GestureEvent&)	0	static
../../Appli/../../Appli/Middlewares/ST/touchgfx/framework/include/touchgfx/Drawable.hpp:490:18:virtual void touchgfx::Drawable::handleDragEvent(const touchgfx::DragEvent&)	0	static
../../Appli/../../Appli/Middlewares/ST/touchgfx/framework/include/touchgfx/Drawable.hpp:501:18:virtual void touchgfx::Drawable::handleTickEvent()	0	static
../../Appli/../../Appli/Middlewares/ST/touchgfx/framework/include/touchgfx/Drawable.hpp:588:18:virtual void touchgfx::Drawable::moveTo(int16_t, int16_t)	4	static
../../Appli/../../Appli/Middlewares/ST/touchgfx/framework/include/touchgfx/containers/Container.hpp:165:23:virtual touchgfx::Drawable* touchgfx::Container::getFirstChild()	0	static
C:/TouchGFXProjects/STM32H7S78-DKTouchGFXDemo1.1.2/H7RSDemo/Appli/TouchGFX/gui/src/containers/WaffleMenuContainer.cpp:66:6:virtual void WaffleMenuContainer::bigWaffleIsChosen()	8	static
C:/TouchGFXProjects/STM32H7S78-DKTouchGFXDemo1.1.2/H7RSDemo/Appli/TouchGFX/gui/src/containers/WaffleMenuContainer.cpp:75:6:virtual void WaffleMenuContainer::mediumWaffleIsChosen()	8	static
C:/TouchGFXProjects/STM32H7S78-DKTouchGFXDemo1.1.2/H7RSDemo/Appli/TouchGFX/gui/src/containers/WaffleMenuContainer.cpp:84:6:virtual void WaffleMenuContainer::smallWaffleIsChosen()	8	static
../../Appli/../../Appli/TouchGFX/gui/include/gui/containers/WaffleMenuContainer.hpp:10:13:WaffleMenuContainer::~WaffleMenuContainer()	8	static
../../Appli/../../Appli/TouchGFX/gui/include/gui/containers/WaffleMenuContainer.hpp:10:13:virtual WaffleMenuContainer::~WaffleMenuContainer()	8	static
../../Appli/../../Appli/Middlewares/ST/touchgfx/framework/include/touchgfx/Drawable.hpp:121:18:virtual void touchgfx::Drawable::invalidateContent() const	0	static
../../Appli/../../Appli/TouchGFX/generated/gui_generated/include/gui_generated/containers/WaffleMenuContainerBase.hpp:79:18:virtual void WaffleMenuContainerBase::emitSlideMenuChangedStateCallback()	8	static
../../Appli/../../Appli/TouchGFX/generated/gui_generated/include/gui_generated/containers/WaffleMenuContainerBase.hpp:72:18:virtual void WaffleMenuContainerBase::emitNewWaffleIsChosenCallback()	8	static
C:/TouchGFXProjects/STM32H7S78-DKTouchGFXDemo1.1.2/H7RSDemo/Appli/TouchGFX/gui/src/containers/WaffleMenuContainer.cpp:4:1:WaffleMenuContainer::WaffleMenuContainer()	8	static
C:/TouchGFXProjects/STM32H7S78-DKTouchGFXDemo1.1.2/H7RSDemo/Appli/TouchGFX/gui/src/containers/WaffleMenuContainer.cpp:14:6:void WaffleMenuContainer::setupTheMenu()	8	static
C:/TouchGFXProjects/STM32H7S78-DKTouchGFXDemo1.1.2/H7RSDemo/Appli/TouchGFX/gui/src/containers/WaffleMenuContainer.cpp:42:6:void WaffleMenuContainer::setMenuClickListenerActivityTo(bool)	0	static
C:/TouchGFXProjects/STM32H7S78-DKTouchGFXDemo1.1.2/H7RSDemo/Appli/TouchGFX/gui/src/containers/WaffleMenuContainer.cpp:48:6:void WaffleMenuContainer::setWaffleLabelVisibilityTo(bool)	24	static
C:/TouchGFXProjects/STM32H7S78-DKTouchGFXDemo1.1.2/H7RSDemo/Appli/TouchGFX/gui/src/containers/WaffleMenuContainer.cpp:93:35:WaffleMenuContainer::SizeOfWaffle WaffleMenuContainer::getSizeOfTheChosenWaffle()	0	static
C:/TouchGFXProjects/STM32H7S78-DKTouchGFXDemo1.1.2/H7RSDemo/Appli/TouchGFX/gui/src/containers/WaffleMenuContainer.cpp:9:6:virtual void WaffleMenuContainer::initialize()	0	static
C:/TouchGFXProjects/STM32H7S78-DKTouchGFXDemo1.1.2/H7RSDemo/Appli/TouchGFX/gui/src/containers/WaffleMenuContainer.cpp:21:6:virtual void WaffleMenuContainer::changeStateOfMenuTo(touchgfx::SlideMenu::State)	8	static
C:/TouchGFXProjects/STM32H7S78-DKTouchGFXDemo1.1.2/H7RSDemo/Appli/TouchGFX/gui/src/containers/WaffleMenuContainer.cpp:28:6:virtual void WaffleMenuContainer::reactAccordinglyToTheNewStateOfMenu()	16	static
C:/TouchGFXProjects/STM32H7S78-DKTouchGFXDemo1.1.2/H7RSDemo/Appli/TouchGFX/gui/src/containers/WaffleMenuContainer.cpp:98:6:void WaffleMenuContainer::shakeTheBigWaffleIcon()	8	static
