C:/TouchGFXProjects/SU3500_GUI_h7s78/Drivers/STM32H7RSxx_HAL_Driver/Src/stm32h7rsxx_hal_xspi.c:338:19:HAL_XSPI_Init	32	static
C:/TouchGFXProjects/SU3500_GUI_h7s78/Drivers/STM32H7RSxx_HAL_Driver/Src/stm32h7rsxx_hal_xspi.c:478:13:HAL_XSPI_MspInit	16	static
C:/TouchGFXProjects/SU3500_GUI_h7s78/Drivers/STM32H7RSxx_HAL_Driver/Src/stm32h7rsxx_hal_xspi.c:493:19:HAL_XSPI_DeInit	24	static
C:/TouchGFXProjects/SU3500_GUI_h7s78/Drivers/STM32H7RSxx_HAL_Driver/Src/stm32h7rsxx_hal_xspi.c:536:13:HAL_XSPI_MspDeInit	16	static
C:/TouchGFXProjects/SU3500_GUI_h7s78/Drivers/STM32H7RSxx_HAL_Driver/Src/stm32h7rsxx_hal_xspi.c:576:6:HAL_XSPI_IRQHandler	32	static
C:/TouchGFXProjects/SU3500_GUI_h7s78/Drivers/STM32H7RSxx_HAL_Driver/Src/stm32h7rsxx_hal_xspi.c:816:19:HAL_XSPI_Command	48	static
C:/TouchGFXProjects/SU3500_GUI_h7s78/Drivers/STM32H7RSxx_HAL_Driver/Src/stm32h7rsxx_hal_xspi.c:952:19:HAL_XSPI_Command_IT	32	static
C:/TouchGFXProjects/SU3500_GUI_h7s78/Drivers/STM32H7RSxx_HAL_Driver/Src/stm32h7rsxx_hal_xspi.c:1041:19:HAL_XSPI_HyperbusCfg	48	static
C:/TouchGFXProjects/SU3500_GUI_h7s78/Drivers/STM32H7RSxx_HAL_Driver/Src/stm32h7rsxx_hal_xspi.c:1092:19:HAL_XSPI_HyperbusCmd	40	static
C:/TouchGFXProjects/SU3500_GUI_h7s78/Drivers/STM32H7RSxx_HAL_Driver/Src/stm32h7rsxx_hal_xspi.c:1159:19:HAL_XSPI_Transmit	48	static
C:/TouchGFXProjects/SU3500_GUI_h7s78/Drivers/STM32H7RSxx_HAL_Driver/Src/stm32h7rsxx_hal_xspi.c:1231:19:HAL_XSPI_Receive	56	static
C:/TouchGFXProjects/SU3500_GUI_h7s78/Drivers/STM32H7RSxx_HAL_Driver/Src/stm32h7rsxx_hal_xspi.c:1321:19:HAL_XSPI_Transmit_IT	24	static
C:/TouchGFXProjects/SU3500_GUI_h7s78/Drivers/STM32H7RSxx_HAL_Driver/Src/stm32h7rsxx_hal_xspi.c:1370:19:HAL_XSPI_Receive_IT	32	static
C:/TouchGFXProjects/SU3500_GUI_h7s78/Drivers/STM32H7RSxx_HAL_Driver/Src/stm32h7rsxx_hal_xspi.c:1442:19:HAL_XSPI_Transmit_DMA	32	static
C:/TouchGFXProjects/SU3500_GUI_h7s78/Drivers/STM32H7RSxx_HAL_Driver/Src/stm32h7rsxx_hal_xspi.c:1625:19:HAL_XSPI_Receive_DMA	40	static
C:/TouchGFXProjects/SU3500_GUI_h7s78/Drivers/STM32H7RSxx_HAL_Driver/Src/stm32h7rsxx_hal_xspi.c:1825:19:HAL_XSPI_AutoPolling	48	static
C:/TouchGFXProjects/SU3500_GUI_h7s78/Drivers/STM32H7RSxx_HAL_Driver/Src/stm32h7rsxx_hal_xspi.c:1906:19:HAL_XSPI_AutoPolling_IT	40	static
C:/TouchGFXProjects/SU3500_GUI_h7s78/Drivers/STM32H7RSxx_HAL_Driver/Src/stm32h7rsxx_hal_xspi.c:1979:19:HAL_XSPI_MemoryMapped	32	static
C:/TouchGFXProjects/SU3500_GUI_h7s78/Drivers/STM32H7RSxx_HAL_Driver/Src/stm32h7rsxx_hal_xspi.c:2030:13:HAL_XSPI_ErrorCallback	16	static
C:/TouchGFXProjects/SU3500_GUI_h7s78/Drivers/STM32H7RSxx_HAL_Driver/Src/stm32h7rsxx_hal_xspi.c:2045:13:HAL_XSPI_AbortCpltCallback	16	static
C:/TouchGFXProjects/SU3500_GUI_h7s78/Drivers/STM32H7RSxx_HAL_Driver/Src/stm32h7rsxx_hal_xspi.c:2060:13:HAL_XSPI_FifoThresholdCallback	16	static
C:/TouchGFXProjects/SU3500_GUI_h7s78/Drivers/STM32H7RSxx_HAL_Driver/Src/stm32h7rsxx_hal_xspi.c:2075:13:HAL_XSPI_CmdCpltCallback	16	static
C:/TouchGFXProjects/SU3500_GUI_h7s78/Drivers/STM32H7RSxx_HAL_Driver/Src/stm32h7rsxx_hal_xspi.c:2090:13:HAL_XSPI_RxCpltCallback	16	static
C:/TouchGFXProjects/SU3500_GUI_h7s78/Drivers/STM32H7RSxx_HAL_Driver/Src/stm32h7rsxx_hal_xspi.c:2105:13:HAL_XSPI_TxCpltCallback	16	static
C:/TouchGFXProjects/SU3500_GUI_h7s78/Drivers/STM32H7RSxx_HAL_Driver/Src/stm32h7rsxx_hal_xspi.c:2120:13:HAL_XSPI_RxHalfCpltCallback	16	static
C:/TouchGFXProjects/SU3500_GUI_h7s78/Drivers/STM32H7RSxx_HAL_Driver/Src/stm32h7rsxx_hal_xspi.c:2135:13:HAL_XSPI_TxHalfCpltCallback	16	static
C:/TouchGFXProjects/SU3500_GUI_h7s78/Drivers/STM32H7RSxx_HAL_Driver/Src/stm32h7rsxx_hal_xspi.c:2150:13:HAL_XSPI_StatusMatchCallback	16	static
C:/TouchGFXProjects/SU3500_GUI_h7s78/Drivers/STM32H7RSxx_HAL_Driver/Src/stm32h7rsxx_hal_xspi.c:2165:13:HAL_XSPI_TimeOutCallback	16	static
C:/TouchGFXProjects/SU3500_GUI_h7s78/Drivers/STM32H7RSxx_HAL_Driver/Src/stm32h7rsxx_hal_xspi.c:2416:19:HAL_XSPI_Abort	32	static
C:/TouchGFXProjects/SU3500_GUI_h7s78/Drivers/STM32H7RSxx_HAL_Driver/Src/stm32h7rsxx_hal_xspi.c:2492:19:HAL_XSPI_Abort_IT	24	static
C:/TouchGFXProjects/SU3500_GUI_h7s78/Drivers/STM32H7RSxx_HAL_Driver/Src/stm32h7rsxx_hal_xspi.c:2584:19:HAL_XSPI_SetFifoThreshold	24	static
C:/TouchGFXProjects/SU3500_GUI_h7s78/Drivers/STM32H7RSxx_HAL_Driver/Src/stm32h7rsxx_hal_xspi.c:2613:10:HAL_XSPI_GetFifoThreshold	16	static
C:/TouchGFXProjects/SU3500_GUI_h7s78/Drivers/STM32H7RSxx_HAL_Driver/Src/stm32h7rsxx_hal_xspi.c:2623:19:HAL_XSPI_SetMemoryType	24	static
C:/TouchGFXProjects/SU3500_GUI_h7s78/Drivers/STM32H7RSxx_HAL_Driver/Src/stm32h7rsxx_hal_xspi.c:2652:19:HAL_XSPI_SetDeviceSize	24	static
C:/TouchGFXProjects/SU3500_GUI_h7s78/Drivers/STM32H7RSxx_HAL_Driver/Src/stm32h7rsxx_hal_xspi.c:2682:19:HAL_XSPI_SetClockPrescaler	24	static
C:/TouchGFXProjects/SU3500_GUI_h7s78/Drivers/STM32H7RSxx_HAL_Driver/Src/stm32h7rsxx_hal_xspi.c:2711:19:HAL_XSPI_SetTimeout	16	static
C:/TouchGFXProjects/SU3500_GUI_h7s78/Drivers/STM32H7RSxx_HAL_Driver/Src/stm32h7rsxx_hal_xspi.c:2722:10:HAL_XSPI_GetError	16	static
C:/TouchGFXProjects/SU3500_GUI_h7s78/Drivers/STM32H7RSxx_HAL_Driver/Src/stm32h7rsxx_hal_xspi.c:2732:10:HAL_XSPI_GetState	16	static
C:/TouchGFXProjects/SU3500_GUI_h7s78/Drivers/STM32H7RSxx_HAL_Driver/Src/stm32h7rsxx_hal_xspi.c:2764:19:HAL_XSPIM_Config	56	static
C:/TouchGFXProjects/SU3500_GUI_h7s78/Drivers/STM32H7RSxx_HAL_Driver/Src/stm32h7rsxx_hal_xspi.c:2899:19:HAL_XSPI_GetDelayValue	24	static
C:/TouchGFXProjects/SU3500_GUI_h7s78/Drivers/STM32H7RSxx_HAL_Driver/Src/stm32h7rsxx_hal_xspi.c:2951:19:HAL_XSPI_SetDelayValue	24	static
C:/TouchGFXProjects/SU3500_GUI_h7s78/Drivers/STM32H7RSxx_HAL_Driver/Src/stm32h7rsxx_hal_xspi.c:3012:13:XSPI_DMACplt	24	static
C:/TouchGFXProjects/SU3500_GUI_h7s78/Drivers/STM32H7RSxx_HAL_Driver/Src/stm32h7rsxx_hal_xspi.c:3029:13:XSPI_DMAHalfCplt	24	static
C:/TouchGFXProjects/SU3500_GUI_h7s78/Drivers/STM32H7RSxx_HAL_Driver/Src/stm32h7rsxx_hal_xspi.c:3057:13:XSPI_DMAError	24	static
C:/TouchGFXProjects/SU3500_GUI_h7s78/Drivers/STM32H7RSxx_HAL_Driver/Src/stm32h7rsxx_hal_xspi.c:3088:13:XSPI_DMAAbortCplt	24	static
C:/TouchGFXProjects/SU3500_GUI_h7s78/Drivers/STM32H7RSxx_HAL_Driver/Src/stm32h7rsxx_hal_xspi.c:3143:26:XSPI_WaitFlagStateUntilTimeout	24	static
C:/TouchGFXProjects/SU3500_GUI_h7s78/Drivers/STM32H7RSxx_HAL_Driver/Src/stm32h7rsxx_hal_xspi.c:3170:26:XSPI_ConfigCmd	40	static
C:/TouchGFXProjects/SU3500_GUI_h7s78/Drivers/STM32H7RSxx_HAL_Driver/Src/stm32h7rsxx_hal_xspi.c:3368:13:XSPIM_GetConfig	24	static
