C:/TouchGFXProjects/SU3500_GUI_h7s78/Drivers/STM32H7RSxx_HAL_Driver/Src/stm32h7rsxx_hal_dma_ex.c:608:19:HAL_DMAEx_List_Init	24	static
C:/TouchGFXProjects/SU3500_GUI_h7s78/Drivers/STM32H7RSxx_HAL_Driver/Src/stm32h7rsxx_hal_dma_ex.c:677:19:HAL_DMAEx_List_DeInit	24	static
C:/TouchGFXProjects/SU3500_GUI_h7s78/Drivers/STM32H7RSxx_HAL_Driver/Src/stm32h7rsxx_hal_dma_ex.c:801:19:HAL_DMAEx_List_Start	32	static
C:/TouchGFXProjects/SU3500_GUI_h7s78/Drivers/STM32H7RSxx_HAL_Driver/Src/stm32h7rsxx_hal_dma_ex.c:863:19:HAL_DMAEx_List_Start_IT	32	static
C:/TouchGFXProjects/SU3500_GUI_h7s78/Drivers/STM32H7RSxx_HAL_Driver/Src/stm32h7rsxx_hal_dma_ex.c:1031:19:HAL_DMAEx_List_BuildNode	16	static
C:/TouchGFXProjects/SU3500_GUI_h7s78/Drivers/STM32H7RSxx_HAL_Driver/Src/stm32h7rsxx_hal_dma_ex.c:1096:19:HAL_DMAEx_List_GetNodeConfig	16	static
C:/TouchGFXProjects/SU3500_GUI_h7s78/Drivers/STM32H7RSxx_HAL_Driver/Src/stm32h7rsxx_hal_dma_ex.c:1120:19:HAL_DMAEx_List_InsertNode	56	static
C:/TouchGFXProjects/SU3500_GUI_h7s78/Drivers/STM32H7RSxx_HAL_Driver/Src/stm32h7rsxx_hal_dma_ex.c:1250:19:HAL_DMAEx_List_InsertNode_Head	24	static
C:/TouchGFXProjects/SU3500_GUI_h7s78/Drivers/STM32H7RSxx_HAL_Driver/Src/stm32h7rsxx_hal_dma_ex.c:1329:19:HAL_DMAEx_List_InsertNode_Tail	48	static
C:/TouchGFXProjects/SU3500_GUI_h7s78/Drivers/STM32H7RSxx_HAL_Driver/Src/stm32h7rsxx_hal_dma_ex.c:1416:19:HAL_DMAEx_List_RemoveNode	48	static
C:/TouchGFXProjects/SU3500_GUI_h7s78/Drivers/STM32H7RSxx_HAL_Driver/Src/stm32h7rsxx_hal_dma_ex.c:1557:19:HAL_DMAEx_List_RemoveNode_Head	48	static
C:/TouchGFXProjects/SU3500_GUI_h7s78/Drivers/STM32H7RSxx_HAL_Driver/Src/stm32h7rsxx_hal_dma_ex.c:1654:19:HAL_DMAEx_List_RemoveNode_Tail	40	static
C:/TouchGFXProjects/SU3500_GUI_h7s78/Drivers/STM32H7RSxx_HAL_Driver/Src/stm32h7rsxx_hal_dma_ex.c:1749:19:HAL_DMAEx_List_ReplaceNode	56	static
C:/TouchGFXProjects/SU3500_GUI_h7s78/Drivers/STM32H7RSxx_HAL_Driver/Src/stm32h7rsxx_hal_dma_ex.c:1912:19:HAL_DMAEx_List_ReplaceNode_Head	48	static
C:/TouchGFXProjects/SU3500_GUI_h7s78/Drivers/STM32H7RSxx_HAL_Driver/Src/stm32h7rsxx_hal_dma_ex.c:2009:19:HAL_DMAEx_List_ReplaceNode_Tail	48	static
C:/TouchGFXProjects/SU3500_GUI_h7s78/Drivers/STM32H7RSxx_HAL_Driver/Src/stm32h7rsxx_hal_dma_ex.c:2100:19:HAL_DMAEx_List_ResetQ	40	static
C:/TouchGFXProjects/SU3500_GUI_h7s78/Drivers/STM32H7RSxx_HAL_Driver/Src/stm32h7rsxx_hal_dma_ex.c:2172:19:HAL_DMAEx_List_InsertQ	72	static
C:/TouchGFXProjects/SU3500_GUI_h7s78/Drivers/STM32H7RSxx_HAL_Driver/Src/stm32h7rsxx_hal_dma_ex.c:2380:19:HAL_DMAEx_List_InsertQ_Head	64	static
C:/TouchGFXProjects/SU3500_GUI_h7s78/Drivers/STM32H7RSxx_HAL_Driver/Src/stm32h7rsxx_hal_dma_ex.c:2517:19:HAL_DMAEx_List_InsertQ_Tail	64	static
C:/TouchGFXProjects/SU3500_GUI_h7s78/Drivers/STM32H7RSxx_HAL_Driver/Src/stm32h7rsxx_hal_dma_ex.c:2653:19:HAL_DMAEx_List_SetCircularModeConfig	48	static
C:/TouchGFXProjects/SU3500_GUI_h7s78/Drivers/STM32H7RSxx_HAL_Driver/Src/stm32h7rsxx_hal_dma_ex.c:2748:19:HAL_DMAEx_List_SetCircularMode	48	static
C:/TouchGFXProjects/SU3500_GUI_h7s78/Drivers/STM32H7RSxx_HAL_Driver/Src/stm32h7rsxx_hal_dma_ex.c:2831:19:HAL_DMAEx_List_ClearCircularMode	40	static
C:/TouchGFXProjects/SU3500_GUI_h7s78/Drivers/STM32H7RSxx_HAL_Driver/Src/stm32h7rsxx_hal_dma_ex.c:2902:19:HAL_DMAEx_List_ConvertQToDynamic	88	static
C:/TouchGFXProjects/SU3500_GUI_h7s78/Drivers/STM32H7RSxx_HAL_Driver/Src/stm32h7rsxx_hal_dma_ex.c:3004:19:HAL_DMAEx_List_ConvertQToStatic	64	static
C:/TouchGFXProjects/SU3500_GUI_h7s78/Drivers/STM32H7RSxx_HAL_Driver/Src/stm32h7rsxx_hal_dma_ex.c:3081:19:HAL_DMAEx_List_LinkQ	24	static
C:/TouchGFXProjects/SU3500_GUI_h7s78/Drivers/STM32H7RSxx_HAL_Driver/Src/stm32h7rsxx_hal_dma_ex.c:3162:19:HAL_DMAEx_List_UnLinkQ	24	static
C:/TouchGFXProjects/SU3500_GUI_h7s78/Drivers/STM32H7RSxx_HAL_Driver/Src/stm32h7rsxx_hal_dma_ex.c:3231:19:HAL_DMAEx_ConfigDataHandling	16	static
C:/TouchGFXProjects/SU3500_GUI_h7s78/Drivers/STM32H7RSxx_HAL_Driver/Src/stm32h7rsxx_hal_dma_ex.c:3271:19:HAL_DMAEx_ConfigTrigger	16	static
C:/TouchGFXProjects/SU3500_GUI_h7s78/Drivers/STM32H7RSxx_HAL_Driver/Src/stm32h7rsxx_hal_dma_ex.c:3316:19:HAL_DMAEx_ConfigRepeatBlock	24	static
C:/TouchGFXProjects/SU3500_GUI_h7s78/Drivers/STM32H7RSxx_HAL_Driver/Src/stm32h7rsxx_hal_dma_ex.c:3455:19:HAL_DMAEx_Suspend	24	static
C:/TouchGFXProjects/SU3500_GUI_h7s78/Drivers/STM32H7RSxx_HAL_Driver/Src/stm32h7rsxx_hal_dma_ex.c:3514:19:HAL_DMAEx_Suspend_IT	16	static
C:/TouchGFXProjects/SU3500_GUI_h7s78/Drivers/STM32H7RSxx_HAL_Driver/Src/stm32h7rsxx_hal_dma_ex.c:3548:19:HAL_DMAEx_Resume	16	static
C:/TouchGFXProjects/SU3500_GUI_h7s78/Drivers/STM32H7RSxx_HAL_Driver/Src/stm32h7rsxx_hal_dma_ex.c:3609:10:HAL_DMAEx_GetFifoLevel	16	static
C:/TouchGFXProjects/SU3500_GUI_h7s78/Drivers/STM32H7RSxx_HAL_Driver/Src/stm32h7rsxx_hal_dma_ex.c:3633:13:DMA_List_Init	24	static
C:/TouchGFXProjects/SU3500_GUI_h7s78/Drivers/STM32H7RSxx_HAL_Driver/Src/stm32h7rsxx_hal_dma_ex.c:3686:13:DMA_List_BuildNode	24	static
C:/TouchGFXProjects/SU3500_GUI_h7s78/Drivers/STM32H7RSxx_HAL_Driver/Src/stm32h7rsxx_hal_dma_ex.c:3905:13:DMA_List_GetNodeConfig	24	static
C:/TouchGFXProjects/SU3500_GUI_h7s78/Drivers/STM32H7RSxx_HAL_Driver/Src/stm32h7rsxx_hal_dma_ex.c:4047:17:DMA_List_CheckNodesBaseAddresses	32	static
C:/TouchGFXProjects/SU3500_GUI_h7s78/Drivers/STM32H7RSxx_HAL_Driver/Src/stm32h7rsxx_hal_dma_ex.c:4090:17:DMA_List_CheckNodesTypes	32	static
C:/TouchGFXProjects/SU3500_GUI_h7s78/Drivers/STM32H7RSxx_HAL_Driver/Src/stm32h7rsxx_hal_dma_ex.c:4147:13:DMA_List_GetCLLRNodeInfo	24	static
C:/TouchGFXProjects/SU3500_GUI_h7s78/Drivers/STM32H7RSxx_HAL_Driver/Src/stm32h7rsxx_hal_dma_ex.c:4191:17:DMA_List_FindNode	40	static
C:/TouchGFXProjects/SU3500_GUI_h7s78/Drivers/STM32H7RSxx_HAL_Driver/Src/stm32h7rsxx_hal_dma_ex.c:4283:13:DMA_List_ResetQueueNodes	32	static
C:/TouchGFXProjects/SU3500_GUI_h7s78/Drivers/STM32H7RSxx_HAL_Driver/Src/stm32h7rsxx_hal_dma_ex.c:4326:13:DMA_List_FillNode	24	static
C:/TouchGFXProjects/SU3500_GUI_h7s78/Drivers/STM32H7RSxx_HAL_Driver/Src/stm32h7rsxx_hal_dma_ex.c:4346:13:DMA_List_ConvertNodeToDynamic	88	static
C:/TouchGFXProjects/SU3500_GUI_h7s78/Drivers/STM32H7RSxx_HAL_Driver/Src/stm32h7rsxx_hal_dma_ex.c:4411:13:DMA_List_ConvertNodeToStatic	88	static
C:/TouchGFXProjects/SU3500_GUI_h7s78/Drivers/STM32H7RSxx_HAL_Driver/Src/stm32h7rsxx_hal_dma_ex.c:4461:13:DMA_List_FormatNode	32	static
C:/TouchGFXProjects/SU3500_GUI_h7s78/Drivers/STM32H7RSxx_HAL_Driver/Src/stm32h7rsxx_hal_dma_ex.c:4491:13:DMA_List_ClearUnusedFields	24	static
C:/TouchGFXProjects/SU3500_GUI_h7s78/Drivers/STM32H7RSxx_HAL_Driver/Src/stm32h7rsxx_hal_dma_ex.c:4507:13:DMA_List_UpdateDynamicQueueNodesCLLR	40	static
C:/TouchGFXProjects/SU3500_GUI_h7s78/Drivers/STM32H7RSxx_HAL_Driver/Src/stm32h7rsxx_hal_dma_ex.c:4583:13:DMA_List_UpdateStaticQueueNodesCLLR	40	static
C:/TouchGFXProjects/SU3500_GUI_h7s78/Drivers/STM32H7RSxx_HAL_Driver/Src/stm32h7rsxx_hal_dma_ex.c:4637:13:DMA_List_CleanQueue	16	static
