../Drivers/CustomDriver/ak4183.c:26:24:AK4183_SendCmdAndRead	40	static
../Drivers/CustomDriver/ak4183.c:65:17:AK4183_CalculateAverage	24	static
../Drivers/CustomDriver/ak4183.c:81:17:AK4183_Init	32	static
../Drivers/CustomDriver/ak4183.c:121:17:AK4183_DeInit	16	static
../Drivers/CustomDriver/ak4183.c:137:17:AK4183_ReadTouch	32	static
../Drivers/CustomDriver/ak4183.c:187:17:AK4183_ReadTouchIT	24	static
../Drivers/CustomDriver/ak4183.c:215:17:AK4183_ReadX	16	static
../Drivers/CustomDriver/ak4183.c:226:17:AK4183_ReadY	16	static
../Drivers/CustomDriver/ak4183.c:238:17:AK4183_ReadPressure	32	static
../Drivers/CustomDriver/ak4183.c:254:17:AK4183_Sleep	32	static
../Drivers/CustomDriver/ak4183.c:269:17:AK4183_Wakeup	32	static
../Drivers/CustomDriver/ak4183.c:284:6:AK4183_IRQHandler	24	static
../Drivers/CustomDriver/ak4183.c:316:6:AK4183_IsTouched	16	static
../Drivers/CustomDriver/ak4183.c:329:10:AK4183_CalculatePressure	24	static
../Drivers/CustomDriver/ak4183.c:352:6:AK4183_RegisterTouchDetectedCallback	16	static
../Drivers/CustomDriver/ak4183.c:365:6:AK4183_RegisterTouchReleasedCallback	16	static
../Drivers/CustomDriver/ak4183.c:396:6:HAL_I2C_MasterTxCpltCallback	16	static
../Drivers/CustomDriver/ak4183.c:407:6:HAL_I2C_MasterRxCpltCallback	16	static
