C:/TouchGFXProjects/STM32H7S78-DKTouchGFXDemo1.1.2/H7RSDemo/Appli/TouchGFX/target/STM32TouchController.cpp:58:6:virtual void STM32TouchController::init()	0	static
../../../Appli/TouchGFX/target/STM32TouchController.hpp:38:7:STM32TouchController::~STM32TouchController()	0	static
../../../Appli/TouchGFX/target/STM32TouchController.hpp:38:7:virtual STM32TouchController::~STM32TouchController()	8	static
C:/TouchGFXProjects/STM32H7S78-DKTouchGFXDemo1.1.2/H7RSDemo/Appli/TouchGFX/target/STM32TouchController.cpp:63:6:virtual bool STM32TouchController::sampleTouch(int32_t&, int32_t&)	72	static,ignoring_inline_asm
C:/TouchGFXProjects/STM32H7S78-DKTouchGFXDemo1.1.2/H7RSDemo/Appli/TouchGFX/target/STM32TouchController.cpp:36:10:void HAL_GPIO_EXTI_Callback(uint16_t)	0	static
