C:/TouchGFXProjects/SU3500_GUI_h7s78/Appli/USB_DEVICE/App/usbd_cdc_if.c:169:15:CDC_DeInit_HS	0	static
C:/TouchGFXProjects/SU3500_GUI_h7s78/Appli/USB_DEVICE/App/usbd_cdc_if.c:183:15:CDC_Control_HS	0	static
C:/TouchGFXProjects/SU3500_GUI_h7s78/Appli/USB_DEVICE/App/usbd_cdc_if.c:306:15:CDC_TransmitCplt_HS	0	static
C:/TouchGFXProjects/SU3500_GUI_h7s78/Appli/USB_DEVICE/App/usbd_cdc_if.c:264:15:CDC_Receive_HS	8	static
C:/TouchGFXProjects/SU3500_GUI_h7s78/Appli/USB_DEVICE/App/usbd_cdc_if.c:154:15:CDC_Init_HS	8	static
C:/TouchGFXProjects/SU3500_GUI_h7s78/Appli/USB_DEVICE/App/usbd_cdc_if.c:280:9:CDC_Transmit_HS	8	static
