C:/TouchGFXProjects/SU3500_GUI_h7s78/Appli/USB_DEVICE/App/usbd_desc.c:250:11:USBD_CDC_DeviceDescriptor	0	static
C:/TouchGFXProjects/SU3500_GUI_h7s78/Appli/USB_DEVICE/App/usbd_desc.c:263:11:USBD_CDC_LangIDStrDescriptor	0	static
C:/TouchGFXProjects/SU3500_GUI_h7s78/Appli/USB_DEVICE/App/usbd_desc.c:386:13:IntToUnicode	16	static
C:/TouchGFXProjects/SU3500_GUI_h7s78/Appli/USB_DEVICE/App/usbd_desc.c:301:11:USBD_CDC_SerialStrDescriptor	8	static
C:/TouchGFXProjects/SU3500_GUI_h7s78/Appli/USB_DEVICE/App/usbd_desc.c:276:11:USBD_CDC_ProductStrDescriptor	8	static
C:/TouchGFXProjects/SU3500_GUI_h7s78/Appli/USB_DEVICE/App/usbd_desc.c:288:11:USBD_CDC_ManufacturerStrDescriptor	8	static
C:/TouchGFXProjects/SU3500_GUI_h7s78/Appli/USB_DEVICE/App/usbd_desc.c:322:11:USBD_CDC_ConfigStrDescriptor	8	static
C:/TouchGFXProjects/SU3500_GUI_h7s78/Appli/USB_DEVICE/App/usbd_desc.c:334:11:USBD_CDC_InterfaceStrDescriptor	8	static
C:/TouchGFXProjects/SU3500_GUI_h7s78/Appli/USB_DEVICE/App/usbd_desc.c:347:11:USBD_CDC_USR_BOSDescriptor	0	static
