C:/TouchGFXProjects/STM32H7S78-DKTouchGFXDemo1.1.2/H7RSDemo/Drivers/STM32H7RSxx_HAL_Driver/Src/stm32h7rsxx_hal_flash.c:693:13:FLASH_Program_Byte	8	static,ignoring_inline_asm
C:/TouchGFXProjects/STM32H7S78-DKTouchGFXDemo1.1.2/H7RSDemo/Drivers/STM32H7RSxx_HAL_Driver/Src/stm32h7rsxx_hal_flash.c:728:13:FLASH_Program_HalfWord	8	static,ignoring_inline_asm
C:/TouchGFXProjects/STM32H7S78-DKTouchGFXDemo1.1.2/H7RSDemo/Drivers/STM32H7RSxx_HAL_Driver/Src/stm32h7rsxx_hal_flash.c:763:13:FLASH_Program_Word	8	static,ignoring_inline_asm
C:/TouchGFXProjects/STM32H7S78-DKTouchGFXDemo1.1.2/H7RSDemo/Drivers/STM32H7RSxx_HAL_Driver/Src/stm32h7rsxx_hal_flash.c:805:13:FLASH_Program_DoubleWord	12	static,ignoring_inline_asm
C:/TouchGFXProjects/STM32H7S78-DKTouchGFXDemo1.1.2/H7RSDemo/Drivers/STM32H7RSxx_HAL_Driver/Src/stm32h7rsxx_hal_flash.c:847:13:FLASH_Program_QuadWord	8	static,ignoring_inline_asm
C:/TouchGFXProjects/STM32H7S78-DKTouchGFXDemo1.1.2/H7RSDemo/Drivers/STM32H7RSxx_HAL_Driver/Src/stm32h7rsxx_hal_flash.c:886:13:FLASH_Program_OTPHalfWord	8	static,ignoring_inline_asm
C:/TouchGFXProjects/STM32H7S78-DKTouchGFXDemo1.1.2/H7RSDemo/Drivers/STM32H7RSxx_HAL_Driver/Src/stm32h7rsxx_hal_flash.c:921:13:FLASH_Program_OTPWord	8	static,ignoring_inline_asm
C:/TouchGFXProjects/STM32H7S78-DKTouchGFXDemo1.1.2/H7RSDemo/Drivers/STM32H7RSxx_HAL_Driver/Src/stm32h7rsxx_hal_flash.c:456:13:HAL_FLASH_EndOfOperationCallback	0	static
C:/TouchGFXProjects/STM32H7S78-DKTouchGFXDemo1.1.2/H7RSDemo/Drivers/STM32H7RSxx_HAL_Driver/Src/stm32h7rsxx_hal_flash.c:474:13:HAL_FLASH_OperationErrorCallback	0	static
C:/TouchGFXProjects/STM32H7S78-DKTouchGFXDemo1.1.2/H7RSDemo/Drivers/STM32H7RSxx_HAL_Driver/Src/stm32h7rsxx_hal_flash.c:333:6:HAL_FLASH_IRQHandler	16	static
C:/TouchGFXProjects/STM32H7S78-DKTouchGFXDemo1.1.2/H7RSDemo/Drivers/STM32H7RSxx_HAL_Driver/Src/stm32h7rsxx_hal_flash.c:507:19:HAL_FLASH_Unlock	0	static
C:/TouchGFXProjects/STM32H7S78-DKTouchGFXDemo1.1.2/H7RSDemo/Drivers/STM32H7RSxx_HAL_Driver/Src/stm32h7rsxx_hal_flash.c:529:19:HAL_FLASH_Lock	0	static
C:/TouchGFXProjects/STM32H7S78-DKTouchGFXDemo1.1.2/H7RSDemo/Drivers/STM32H7RSxx_HAL_Driver/Src/stm32h7rsxx_hal_flash.c:547:19:HAL_FLASH_OB_Unlock	0	static
C:/TouchGFXProjects/STM32H7S78-DKTouchGFXDemo1.1.2/H7RSDemo/Drivers/STM32H7RSxx_HAL_Driver/Src/stm32h7rsxx_hal_flash.c:569:19:HAL_FLASH_OB_Lock	0	static
C:/TouchGFXProjects/STM32H7S78-DKTouchGFXDemo1.1.2/H7RSDemo/Drivers/STM32H7RSxx_HAL_Driver/Src/stm32h7rsxx_hal_flash.c:616:10:HAL_FLASH_GetError	0	static
C:/TouchGFXProjects/STM32H7S78-DKTouchGFXDemo1.1.2/H7RSDemo/Drivers/STM32H7RSxx_HAL_Driver/Src/stm32h7rsxx_hal_flash.c:640:19:FLASH_WaitForLastOperation	16	static
C:/TouchGFXProjects/STM32H7S78-DKTouchGFXDemo1.1.2/H7RSDemo/Drivers/STM32H7RSxx_HAL_Driver/Src/stm32h7rsxx_hal_flash.c:164:19:HAL_FLASH_Program	32	static
C:/TouchGFXProjects/STM32H7S78-DKTouchGFXDemo1.1.2/H7RSDemo/Drivers/STM32H7RSxx_HAL_Driver/Src/stm32h7rsxx_hal_flash.c:250:19:HAL_FLASH_Program_IT	32	static
