C:/TouchGFXProjects/SU3500_GUI_h7s78/Drivers/STM32H7RSxx_HAL_Driver/Src/stm32h7rsxx_hal_dma_ex.c:4047:17:DMA_List_CheckNodesBaseAddresses	0	static
C:/TouchGFXProjects/SU3500_GUI_h7s78/Drivers/STM32H7RSxx_HAL_Driver/Src/stm32h7rsxx_hal_dma_ex.c:4090:17:DMA_List_CheckNodesTypes	0	static
C:/TouchGFXProjects/SU3500_GUI_h7s78/Drivers/STM32H7RSxx_HAL_Driver/Src/stm32h7rsxx_hal_dma_ex.c:4191:17:DMA_List_FindNode	28	static
C:/TouchGFXProjects/SU3500_GUI_h7s78/Drivers/STM32H7RSxx_HAL_Driver/Src/stm32h7rsxx_hal_dma_ex.c:4147:13:DMA_List_GetCLLRNodeInfo.isra	0	static
C:/TouchGFXProjects/SU3500_GUI_h7s78/Drivers/STM32H7RSxx_HAL_Driver/Src/stm32h7rsxx_hal_dma_ex.c:4583:13:DMA_List_UpdateStaticQueueNodesCLLR	32	static
C:/TouchGFXProjects/SU3500_GUI_h7s78/Drivers/STM32H7RSxx_HAL_Driver/Src/stm32h7rsxx_hal_dma_ex.c:4507:13:DMA_List_UpdateDynamicQueueNodesCLLR	48	static
C:/TouchGFXProjects/SU3500_GUI_h7s78/Drivers/STM32H7RSxx_HAL_Driver/Src/stm32h7rsxx_hal_dma_ex.c:608:19:HAL_DMAEx_List_Init	16	static
C:/TouchGFXProjects/SU3500_GUI_h7s78/Drivers/STM32H7RSxx_HAL_Driver/Src/stm32h7rsxx_hal_dma_ex.c:677:19:HAL_DMAEx_List_DeInit	16	static
C:/TouchGFXProjects/SU3500_GUI_h7s78/Drivers/STM32H7RSxx_HAL_Driver/Src/stm32h7rsxx_hal_dma_ex.c:801:19:HAL_DMAEx_List_Start	24	static
C:/TouchGFXProjects/SU3500_GUI_h7s78/Drivers/STM32H7RSxx_HAL_Driver/Src/stm32h7rsxx_hal_dma_ex.c:863:19:HAL_DMAEx_List_Start_IT	24	static
C:/TouchGFXProjects/SU3500_GUI_h7s78/Drivers/STM32H7RSxx_HAL_Driver/Src/stm32h7rsxx_hal_dma_ex.c:1031:19:HAL_DMAEx_List_BuildNode	20	static
C:/TouchGFXProjects/SU3500_GUI_h7s78/Drivers/STM32H7RSxx_HAL_Driver/Src/stm32h7rsxx_hal_dma_ex.c:1096:19:HAL_DMAEx_List_GetNodeConfig	12	static
C:/TouchGFXProjects/SU3500_GUI_h7s78/Drivers/STM32H7RSxx_HAL_Driver/Src/stm32h7rsxx_hal_dma_ex.c:1120:19:HAL_DMAEx_List_InsertNode	56	static
C:/TouchGFXProjects/SU3500_GUI_h7s78/Drivers/STM32H7RSxx_HAL_Driver/Src/stm32h7rsxx_hal_dma_ex.c:1250:19:HAL_DMAEx_List_InsertNode_Head	24	static
C:/TouchGFXProjects/SU3500_GUI_h7s78/Drivers/STM32H7RSxx_HAL_Driver/Src/stm32h7rsxx_hal_dma_ex.c:1329:19:HAL_DMAEx_List_InsertNode_Tail	56	static
C:/TouchGFXProjects/SU3500_GUI_h7s78/Drivers/STM32H7RSxx_HAL_Driver/Src/stm32h7rsxx_hal_dma_ex.c:1416:19:HAL_DMAEx_List_RemoveNode	48	static
C:/TouchGFXProjects/SU3500_GUI_h7s78/Drivers/STM32H7RSxx_HAL_Driver/Src/stm32h7rsxx_hal_dma_ex.c:1557:19:HAL_DMAEx_List_RemoveNode_Head	48	static
C:/TouchGFXProjects/SU3500_GUI_h7s78/Drivers/STM32H7RSxx_HAL_Driver/Src/stm32h7rsxx_hal_dma_ex.c:1654:19:HAL_DMAEx_List_RemoveNode_Tail	48	static
C:/TouchGFXProjects/SU3500_GUI_h7s78/Drivers/STM32H7RSxx_HAL_Driver/Src/stm32h7rsxx_hal_dma_ex.c:1749:19:HAL_DMAEx_List_ReplaceNode	56	static
C:/TouchGFXProjects/SU3500_GUI_h7s78/Drivers/STM32H7RSxx_HAL_Driver/Src/stm32h7rsxx_hal_dma_ex.c:1912:19:HAL_DMAEx_List_ReplaceNode_Head	56	static
C:/TouchGFXProjects/SU3500_GUI_h7s78/Drivers/STM32H7RSxx_HAL_Driver/Src/stm32h7rsxx_hal_dma_ex.c:2009:19:HAL_DMAEx_List_ReplaceNode_Tail	56	static
C:/TouchGFXProjects/SU3500_GUI_h7s78/Drivers/STM32H7RSxx_HAL_Driver/Src/stm32h7rsxx_hal_dma_ex.c:2100:19:HAL_DMAEx_List_ResetQ	40	static
C:/TouchGFXProjects/SU3500_GUI_h7s78/Drivers/STM32H7RSxx_HAL_Driver/Src/stm32h7rsxx_hal_dma_ex.c:2172:19:HAL_DMAEx_List_InsertQ	80	static
C:/TouchGFXProjects/SU3500_GUI_h7s78/Drivers/STM32H7RSxx_HAL_Driver/Src/stm32h7rsxx_hal_dma_ex.c:2380:19:HAL_DMAEx_List_InsertQ_Head	80	static
C:/TouchGFXProjects/SU3500_GUI_h7s78/Drivers/STM32H7RSxx_HAL_Driver/Src/stm32h7rsxx_hal_dma_ex.c:2517:19:HAL_DMAEx_List_InsertQ_Tail	80	static
C:/TouchGFXProjects/SU3500_GUI_h7s78/Drivers/STM32H7RSxx_HAL_Driver/Src/stm32h7rsxx_hal_dma_ex.c:2653:19:HAL_DMAEx_List_SetCircularModeConfig	56	static
C:/TouchGFXProjects/SU3500_GUI_h7s78/Drivers/STM32H7RSxx_HAL_Driver/Src/stm32h7rsxx_hal_dma_ex.c:2748:19:HAL_DMAEx_List_SetCircularMode	56	static
C:/TouchGFXProjects/SU3500_GUI_h7s78/Drivers/STM32H7RSxx_HAL_Driver/Src/stm32h7rsxx_hal_dma_ex.c:2831:19:HAL_DMAEx_List_ClearCircularMode	40	static
C:/TouchGFXProjects/SU3500_GUI_h7s78/Drivers/STM32H7RSxx_HAL_Driver/Src/stm32h7rsxx_hal_dma_ex.c:2902:19:HAL_DMAEx_List_ConvertQToDynamic	152	static
C:/TouchGFXProjects/SU3500_GUI_h7s78/Drivers/STM32H7RSxx_HAL_Driver/Src/stm32h7rsxx_hal_dma_ex.c:3004:19:HAL_DMAEx_List_ConvertQToStatic	128	static
C:/TouchGFXProjects/SU3500_GUI_h7s78/Drivers/STM32H7RSxx_HAL_Driver/Src/stm32h7rsxx_hal_dma_ex.c:3081:19:HAL_DMAEx_List_LinkQ	0	static
C:/TouchGFXProjects/SU3500_GUI_h7s78/Drivers/STM32H7RSxx_HAL_Driver/Src/stm32h7rsxx_hal_dma_ex.c:3162:19:HAL_DMAEx_List_UnLinkQ	0	static
C:/TouchGFXProjects/SU3500_GUI_h7s78/Drivers/STM32H7RSxx_HAL_Driver/Src/stm32h7rsxx_hal_dma_ex.c:3231:19:HAL_DMAEx_ConfigDataHandling	0	static
C:/TouchGFXProjects/SU3500_GUI_h7s78/Drivers/STM32H7RSxx_HAL_Driver/Src/stm32h7rsxx_hal_dma_ex.c:3271:19:HAL_DMAEx_ConfigTrigger	8	static
C:/TouchGFXProjects/SU3500_GUI_h7s78/Drivers/STM32H7RSxx_HAL_Driver/Src/stm32h7rsxx_hal_dma_ex.c:3316:19:HAL_DMAEx_ConfigRepeatBlock	8	static
C:/TouchGFXProjects/SU3500_GUI_h7s78/Drivers/STM32H7RSxx_HAL_Driver/Src/stm32h7rsxx_hal_dma_ex.c:3455:19:HAL_DMAEx_Suspend	16	static
C:/TouchGFXProjects/SU3500_GUI_h7s78/Drivers/STM32H7RSxx_HAL_Driver/Src/stm32h7rsxx_hal_dma_ex.c:3514:19:HAL_DMAEx_Suspend_IT	0	static
C:/TouchGFXProjects/SU3500_GUI_h7s78/Drivers/STM32H7RSxx_HAL_Driver/Src/stm32h7rsxx_hal_dma_ex.c:3548:19:HAL_DMAEx_Resume	0	static
C:/TouchGFXProjects/SU3500_GUI_h7s78/Drivers/STM32H7RSxx_HAL_Driver/Src/stm32h7rsxx_hal_dma_ex.c:3609:10:HAL_DMAEx_GetFifoLevel	0	static
