C:/TouchGFXProjects/SU3500_GUI_h7s78/Drivers/STM32H7RSxx_HAL_Driver/Src/stm32h7rsxx_ll_usb.c:1403:26:USB_CoreReset	8	static
C:/TouchGFXProjects/SU3500_GUI_h7s78/Drivers/STM32H7RSxx_HAL_Driver/Src/stm32h7rsxx_ll_usb.c:83:19:USB_CoreInit	16	static
C:/TouchGFXProjects/SU3500_GUI_h7s78/Drivers/STM32H7RSxx_HAL_Driver/Src/stm32h7rsxx_ll_usb.c:135:19:USB_SetTurnaroundTime	0	static
C:/TouchGFXProjects/SU3500_GUI_h7s78/Drivers/STM32H7RSxx_HAL_Driver/Src/stm32h7rsxx_ll_usb.c:218:19:USB_EnableGlobalInt	0	static
C:/TouchGFXProjects/SU3500_GUI_h7s78/Drivers/STM32H7RSxx_HAL_Driver/Src/stm32h7rsxx_ll_usb.c:230:19:USB_DisableGlobalInt	0	static
C:/TouchGFXProjects/SU3500_GUI_h7s78/Drivers/STM32H7RSxx_HAL_Driver/Src/stm32h7rsxx_ll_usb.c:245:19:USB_SetCurrentMode	16	static
C:/TouchGFXProjects/SU3500_GUI_h7s78/Drivers/STM32H7RSxx_HAL_Driver/Src/stm32h7rsxx_ll_usb.c:470:19:USB_FlushTxFifo	8	static
C:/TouchGFXProjects/SU3500_GUI_h7s78/Drivers/STM32H7RSxx_HAL_Driver/Src/stm32h7rsxx_ll_usb.c:507:19:USB_FlushRxFifo	8	static
C:/TouchGFXProjects/SU3500_GUI_h7s78/Drivers/STM32H7RSxx_HAL_Driver/Src/stm32h7rsxx_ll_usb.c:550:19:USB_SetDevSpeed	0	static
C:/TouchGFXProjects/SU3500_GUI_h7s78/Drivers/STM32H7RSxx_HAL_Driver/Src/stm32h7rsxx_ll_usb.c:292:19:USB_DevInit	32	static
C:/TouchGFXProjects/SU3500_GUI_h7s78/Drivers/STM32H7RSxx_HAL_Driver/Src/stm32h7rsxx_ll_usb.c:566:9:USB_GetDevSpeed	0	static
C:/TouchGFXProjects/SU3500_GUI_h7s78/Drivers/STM32H7RSxx_HAL_Driver/Src/stm32h7rsxx_ll_usb.c:595:19:USB_ActivateEndpoint	12	static
C:/TouchGFXProjects/SU3500_GUI_h7s78/Drivers/STM32H7RSxx_HAL_Driver/Src/stm32h7rsxx_ll_usb.c:633:19:USB_ActivateDedicatedEndpoint	20	static
C:/TouchGFXProjects/SU3500_GUI_h7s78/Drivers/STM32H7RSxx_HAL_Driver/Src/stm32h7rsxx_ll_usb.c:672:19:USB_DeactivateEndpoint	8	static
C:/TouchGFXProjects/SU3500_GUI_h7s78/Drivers/STM32H7RSxx_HAL_Driver/Src/stm32h7rsxx_ll_usb.c:719:19:USB_DeactivateDedicatedEndpoint	0	static
C:/TouchGFXProjects/SU3500_GUI_h7s78/Drivers/STM32H7RSxx_HAL_Driver/Src/stm32h7rsxx_ll_usb.c:933:19:USB_EPStopXfer	8	static
C:/TouchGFXProjects/SU3500_GUI_h7s78/Drivers/STM32H7RSxx_HAL_Driver/Src/stm32h7rsxx_ll_usb.c:997:19:USB_WritePacket	8	static
C:/TouchGFXProjects/SU3500_GUI_h7s78/Drivers/STM32H7RSxx_HAL_Driver/Src/stm32h7rsxx_ll_usb.c:761:19:USB_EPStartXfer	32	static
C:/TouchGFXProjects/SU3500_GUI_h7s78/Drivers/STM32H7RSxx_HAL_Driver/Src/stm32h7rsxx_ll_usb.c:1028:7:USB_ReadPacket	16	static
C:/TouchGFXProjects/SU3500_GUI_h7s78/Drivers/STM32H7RSxx_HAL_Driver/Src/stm32h7rsxx_ll_usb.c:1070:19:USB_EPSetStall	0	static
C:/TouchGFXProjects/SU3500_GUI_h7s78/Drivers/STM32H7RSxx_HAL_Driver/Src/stm32h7rsxx_ll_usb.c:1101:19:USB_EPClearStall	0	static
C:/TouchGFXProjects/SU3500_GUI_h7s78/Drivers/STM32H7RSxx_HAL_Driver/Src/stm32h7rsxx_ll_usb.c:1130:19:USB_StopDevice	8	static
C:/TouchGFXProjects/SU3500_GUI_h7s78/Drivers/STM32H7RSxx_HAL_Driver/Src/stm32h7rsxx_ll_usb.c:1171:19:USB_SetDevAddress	0	static
C:/TouchGFXProjects/SU3500_GUI_h7s78/Drivers/STM32H7RSxx_HAL_Driver/Src/stm32h7rsxx_ll_usb.c:1186:19:USB_DevConnect	0	static
C:/TouchGFXProjects/SU3500_GUI_h7s78/Drivers/STM32H7RSxx_HAL_Driver/Src/stm32h7rsxx_ll_usb.c:1203:19:USB_DevDisconnect	0	static
C:/TouchGFXProjects/SU3500_GUI_h7s78/Drivers/STM32H7RSxx_HAL_Driver/Src/stm32h7rsxx_ll_usb.c:1220:10:USB_ReadInterrupts	0	static
C:/TouchGFXProjects/SU3500_GUI_h7s78/Drivers/STM32H7RSxx_HAL_Driver/Src/stm32h7rsxx_ll_usb.c:1236:10:USB_ReadChInterrupts	0	static
C:/TouchGFXProjects/SU3500_GUI_h7s78/Drivers/STM32H7RSxx_HAL_Driver/Src/stm32h7rsxx_ll_usb.c:1252:10:USB_ReadDevAllOutEpInterrupt	0	static
C:/TouchGFXProjects/SU3500_GUI_h7s78/Drivers/STM32H7RSxx_HAL_Driver/Src/stm32h7rsxx_ll_usb.c:1268:10:USB_ReadDevAllInEpInterrupt	0	static
C:/TouchGFXProjects/SU3500_GUI_h7s78/Drivers/STM32H7RSxx_HAL_Driver/Src/stm32h7rsxx_ll_usb.c:1286:10:USB_ReadDevOutEPInterrupt	0	static
C:/TouchGFXProjects/SU3500_GUI_h7s78/Drivers/STM32H7RSxx_HAL_Driver/Src/stm32h7rsxx_ll_usb.c:1304:10:USB_ReadDevInEPInterrupt	0	static
C:/TouchGFXProjects/SU3500_GUI_h7s78/Drivers/STM32H7RSxx_HAL_Driver/Src/stm32h7rsxx_ll_usb.c:1325:7:USB_ClearInterrupts	0	static
C:/TouchGFXProjects/SU3500_GUI_h7s78/Drivers/STM32H7RSxx_HAL_Driver/Src/stm32h7rsxx_ll_usb.c:1338:10:USB_GetMode	0	static
C:/TouchGFXProjects/SU3500_GUI_h7s78/Drivers/STM32H7RSxx_HAL_Driver/Src/stm32h7rsxx_ll_usb.c:1348:19:USB_ActivateSetup	0	static
C:/TouchGFXProjects/SU3500_GUI_h7s78/Drivers/STM32H7RSxx_HAL_Driver/Src/stm32h7rsxx_ll_usb.c:1370:19:USB_EP0_OutStart	12	static
C:/TouchGFXProjects/SU3500_GUI_h7s78/Drivers/STM32H7RSxx_HAL_Driver/Src/stm32h7rsxx_ll_usb.c:1443:19:USB_HostInit	16	static
C:/TouchGFXProjects/SU3500_GUI_h7s78/Drivers/STM32H7RSxx_HAL_Driver/Src/stm32h7rsxx_ll_usb.c:1561:19:USB_InitFSLSPClkSel	8	static
C:/TouchGFXProjects/SU3500_GUI_h7s78/Drivers/STM32H7RSxx_HAL_Driver/Src/stm32h7rsxx_ll_usb.c:1591:19:USB_ResetPort	24	static
C:/TouchGFXProjects/SU3500_GUI_h7s78/Drivers/STM32H7RSxx_HAL_Driver/Src/stm32h7rsxx_ll_usb.c:1618:19:USB_DriveVbus	8	static
C:/TouchGFXProjects/SU3500_GUI_h7s78/Drivers/STM32H7RSxx_HAL_Driver/Src/stm32h7rsxx_ll_usb.c:1648:10:USB_GetHostSpeed	8	static
C:/TouchGFXProjects/SU3500_GUI_h7s78/Drivers/STM32H7RSxx_HAL_Driver/Src/stm32h7rsxx_ll_usb.c:1662:10:USB_GetCurrentFrame	0	static
C:/TouchGFXProjects/SU3500_GUI_h7s78/Drivers/STM32H7RSxx_HAL_Driver/Src/stm32h7rsxx_ll_usb.c:1693:19:USB_HC_Init	32	static
C:/TouchGFXProjects/SU3500_GUI_h7s78/Drivers/STM32H7RSxx_HAL_Driver/Src/stm32h7rsxx_ll_usb.c:2088:10:USB_HC_ReadInterrupt	0	static
C:/TouchGFXProjects/SU3500_GUI_h7s78/Drivers/STM32H7RSxx_HAL_Driver/Src/stm32h7rsxx_ll_usb.c:2102:19:USB_HC_Halt	24	static
C:/TouchGFXProjects/SU3500_GUI_h7s78/Drivers/STM32H7RSxx_HAL_Driver/Src/stm32h7rsxx_ll_usb.c:2186:19:USB_DoPing	0	static
C:/TouchGFXProjects/SU3500_GUI_h7s78/Drivers/STM32H7RSxx_HAL_Driver/Src/stm32h7rsxx_ll_usb.c:1825:19:USB_HC_StartXfer	48	static
C:/TouchGFXProjects/SU3500_GUI_h7s78/Drivers/STM32H7RSxx_HAL_Driver/Src/stm32h7rsxx_ll_usb.c:2210:19:USB_StopHost	24	static
C:/TouchGFXProjects/SU3500_GUI_h7s78/Drivers/STM32H7RSxx_HAL_Driver/Src/stm32h7rsxx_ll_usb.c:2275:19:USB_ActivateRemoteWakeup	0	static
C:/TouchGFXProjects/SU3500_GUI_h7s78/Drivers/STM32H7RSxx_HAL_Driver/Src/stm32h7rsxx_ll_usb.c:2293:19:USB_DeActivateRemoteWakeup	0	static
