../Core/Src/Loader_Src.c:227:26:OSPI_ReadStatusReg	96	static
../Core/Src/Loader_Src.c:418:26:OSPI_ManualWaitReady	24	static,ignoring_inline_asm
../Core/Src/Loader_Src.c:1240:26:OSPI_WriteEnable	112	static
../Core/Src/Loader_Src.c:1290:26:OSPI_AutoPollingMemReady	120	static
../Core/Src/Loader_Src.c:307:26:OSPI_ReadSecurityReg.constprop	88	static
../Core/Src/Loader_Src.c:154:26:OSPI_ReadBytes.constprop.isra	96	static
../Core/Src/Loader_Src.c:119:37:HAL_InitTick	0	static
../Core/Src/Loader_Src.c:130:10:HAL_GetTick	0	static
../Core/Src/Loader_Src.c:141:6:HAL_Delay	8	static,ignoring_inline_asm
../Core/Src/Loader_Src.c:481:23:Init	184	static
../Core/Src/Loader_Src.c:607:23:Read	96	static
../Core/Src/Loader_Src.c:730:23:Write	112	static
../Core/Src/Loader_Src.c:801:23:SectorErase	128	static
../Core/Src/Loader_Src.c:950:23:MassErase	104	static
../Core/Src/Loader_Src.c:1032:28:Verify	136	static
