../Core/Src/Loader_Src.c:449:26:OSPI_Init_Internal	304	static
../Core/Src/Loader_Src.c:520:26:OSPI_WriteEnable	112	static
../Core/Src/Loader_Src.c:570:26:OSPI_AutoPollingMemReady	120	static
../Core/Src/Loader_Src.c:729:26:OSPI_MemoryMappedMode	96	static
../Core/Src/Loader_Src.c:773:26:OSPI_ExitMemoryMappedMode	8	static
../Core/Src/Loader_Src.c:54:23:Init	176	static
../Core/Src/Loader_Src.c:101:23:Write	104	static
../Core/Src/Loader_Src.c:185:23:SectorErase	104	static
../Core/Src/Loader_Src.c:246:23:MassErase	88	static
../Core/Src/Loader_Src.c:294:28:Verify	20	static
../Core/Src/Loader_Src.c:328:23:Read	96	static
