../Core/Src/Loader_Src.c:253:26:OSPI_ReadStatusReg	96	static
../Core/Src/Loader_Src.c:485:26:OSPI_ManualWaitReady	24	static,ignoring_inline_asm
../Core/Src/Loader_Src.c:333:26:OSPI_ReadSecurityReg	96	static
../Core/Src/Loader_Src.c:1811:26:OSPI_WriteEnable	112	static
../Core/Src/Loader_Src.c:1110:26:OSPI_EraseSector4K	88	static
../Core/Src/Loader_Src.c:1861:26:OSPI_AutoPollingMemReady	120	static
../Core/Src/Loader_Src.c:288:26:OSPI_WriteStatusReg	96	static
../Core/Src/Loader_Src.c:444:26:OSPI_EnableQuadMode	16	static
../Core/Src/Loader_Src.c:1153:26:OSPI_WriteDebugInfo.isra	112	static
../Core/Src/Loader_Src.c:180:26:OSPI_ReadBytes.isra	96	static
../Core/Src/Loader_Src.c:145:37:HAL_InitTick	0	static
../Core/Src/Loader_Src.c:156:10:HAL_GetTick	0	static
../Core/Src/Loader_Src.c:167:6:HAL_Delay	8	static,ignoring_inline_asm
../Core/Src/Loader_Src.c:820:23:Init	176	static
../Core/Src/Loader_Src.c:961:23:Read	208	static
../Core/Src/Loader_Src.c:1238:23:Write	136	static
../Core/Src/Loader_Src.c:1372:23:SectorErase	128	static
../Core/Src/Loader_Src.c:1521:23:MassErase	104	static
../Core/Src/Loader_Src.c:1603:28:Verify	136	static
