../Core/Src/Loader_Src.c:923:13:Loader_SystemClock_Config	368	static
../Core/Src/Loader_Src.c:171:26:OSPI_ReadStatusReg	96	static
../Core/Src/Loader_Src.c:1037:26:OSPI_WriteEnable	112	static
../Core/Src/Loader_Src.c:1089:26:OSPI_AutoPollingMemReady	120	static
../Core/Src/Loader_Src.c:259:26:OSPI_ReadSecurityReg.constprop	88	static
../Core/Src/Loader_Src.c:108:19:HAL_InitTick	0	static
../Core/Src/Loader_Src.c:114:10:HAL_GetTick	0	static
../Core/Src/Loader_Src.c:119:6:HAL_Delay	8	static,ignoring_inline_asm
../Core/Src/Loader_Src.c:661:26:OSPI_ManualWaitReady	24	static
../Core/Src/Loader_Src.c:128:6:HAL_IncTick	0	static
../Core/Src/Loader_Src.c:392:27:Init	144	static
../Core/Src/Loader_Src.c:506:27:Read	104	static
../Core/Src/Loader_Src.c:591:27:Write	112	static
../Core/Src/Loader_Src.c:692:27:SectorErase	120	static
../Core/Src/Loader_Src.c:806:27:MassErase	104	static
../Core/Src/Loader_Src.c:880:32:Verify	288	static
