../Core/Src/Loader_Src.c:422:13:Loader_SystemClock_Config	368	static
../Core/Src/Loader_Src.c:498:13:Loader_OCTOSPI1_Init	88	static
../Core/Src/Loader_Src.c:575:26:OSPI_WriteEnable	112	static
../Core/Src/Loader_Src.c:627:26:OSPI_AutoPollingMemReady	120	static
../Core/Src/Loader_Src.c:812:26:OSPI_EnterMemoryMappedMode	96	static
../Core/Src/Loader_Src.c:872:26:OSPI_ExitMemoryMappedMode	8	static
../Core/Src/Loader_Src.c:81:19:HAL_InitTick	0	static
../Core/Src/Loader_Src.c:87:10:HAL_GetTick	0	static
../Core/Src/Loader_Src.c:93:6:HAL_Delay	8	static,ignoring_inline_asm
../Core/Src/Loader_Src.c:106:6:HAL_IncTick	0	static
../Core/Src/Loader_Src.c:115:27:Init	112	static
../Core/Src/Loader_Src.c:163:27:Write	112	static
../Core/Src/Loader_Src.c:249:27:SectorErase	104	static
../Core/Src/Loader_Src.c:326:27:MassErase	88	static
../Core/Src/Loader_Src.c:380:27:Read	8	static
../Core/Src/Loader_Src.c:389:32:Verify	20	static
