../Core/Src/Loader_Src.c:434:26:OSPI_WriteEnable	112	static
../Core/Src/Loader_Src.c:486:26:OSPI_AutoPollingMemReady	120	static
../Core/Src/Loader_Src.c:674:26:OSPI_EnterMemoryMappedMode	96	static
../Core/Src/Loader_Src.c:723:26:OSPI_ExitMemoryMappedMode	8	static
../Core/Src/Loader_Src.c:51:19:HAL_InitTick	0	static
../Core/Src/Loader_Src.c:56:10:HAL_GetTick	0	static
../Core/Src/Loader_Src.c:62:6:HAL_Delay	8	static,ignoring_inline_asm
../Core/Src/Loader_Src.c:84:27:Init	152	static
../Core/Src/Loader_Src.c:130:27:Write	112	static
../Core/Src/Loader_Src.c:216:27:SectorErase	104	static
../Core/Src/Loader_Src.c:293:27:MassErase	88	static
../Core/Src/Loader_Src.c:347:27:Read	8	static
../Core/Src/Loader_Src.c:356:32:Verify	20	static
