../Core/Src/Loader_Src.c:413:26:OSPI_WriteEnable	112	static
../Core/Src/Loader_Src.c:465:26:OSPI_AutoPollingMemReady	120	static
../Core/Src/Loader_Src.c:653:26:OSPI_EnterMemoryMappedMode	96	static
../Core/Src/Loader_Src.c:702:26:OSPI_ExitMemoryMappedMode	8	static
../Core/Src/Loader_Src.c:63:27:Init	152	static
../Core/Src/Loader_Src.c:109:27:Write	112	static
../Core/Src/Loader_Src.c:195:27:SectorErase	104	static
../Core/Src/Loader_Src.c:272:27:MassErase	88	static
../Core/Src/Loader_Src.c:326:27:Read	8	static
../Core/Src/Loader_Src.c:335:32:Verify	20	static
