../Core/Src/Loader_Src.c:229:26:OSPI_ReadStatusReg	96	static
../Core/Src/Loader_Src.c:461:26:OSPI_ManualWaitReady	24	static,ignoring_inline_asm
../Core/Src/Loader_Src.c:1290:26:OSPI_WriteEnable	112	static
../Core/Src/Loader_Src.c:1340:26:OSPI_AutoPollingMemReady	120	static
../Core/Src/Loader_Src.c:264:26:OSPI_WriteStatusReg	96	static
../Core/Src/Loader_Src.c:309:26:OSPI_ReadSecurityReg.constprop	88	static
../Core/Src/Loader_Src.c:156:26:OSPI_ReadBytes.constprop.isra	96	static
../Core/Src/Loader_Src.c:121:37:HAL_InitTick	0	static
../Core/Src/Loader_Src.c:132:10:HAL_GetTick	0	static
../Core/Src/Loader_Src.c:143:6:HAL_Delay	8	static,ignoring_inline_asm
../Core/Src/Loader_Src.c:524:23:Init	184	static
../Core/Src/Loader_Src.c:656:23:Read	96	static
../Core/Src/Loader_Src.c:779:23:Write	112	static
../Core/Src/Loader_Src.c:851:23:SectorErase	128	static
../Core/Src/Loader_Src.c:1000:23:MassErase	104	static
../Core/Src/Loader_Src.c:1082:28:Verify	136	static
