../Core/Src/Loader_Src.c:210:26:OSPI_ReadStatusReg	96	static
../Core/Src/Loader_Src.c:1104:26:OSPI_WriteEnable	112	static
../Core/Src/Loader_Src.c:1154:26:OSPI_AutoPollingMemReady	120	static
../Core/Src/Loader_Src.c:290:26:OSPI_ReadSecurityReg.constprop	88	static
../Core/Src/Loader_Src.c:137:26:OSPI_ReadBytes.constprop.isra	96	static
../Core/Src/Loader_Src.c:109:19:HAL_InitTick	0	static
../Core/Src/Loader_Src.c:115:10:HAL_GetTick	0	static
../Core/Src/Loader_Src.c:120:6:HAL_Delay	8	static,ignoring_inline_asm
../Core/Src/Loader_Src.c:675:26:OSPI_ManualWaitReady	24	static
../Core/Src/Loader_Src.c:129:6:HAL_IncTick	0	static
../Core/Src/Loader_Src.c:401:27:Init	168	static
../Core/Src/Loader_Src.c:485:27:Read	96	static
../Core/Src/Loader_Src.c:606:27:Write	112	static
../Core/Src/Loader_Src.c:704:27:SectorErase	128	static
../Core/Src/Loader_Src.c:853:27:MassErase	104	static
../Core/Src/Loader_Src.c:935:32:Verify	136	static
