../Core/Src/Loader_Src.c:144:26:OSPI_ReadStatusReg	96	static
../Core/Src/Loader_Src.c:371:26:OSPI_ManualWaitReady	24	static,ignoring_inline_asm
../Core/Src/Loader_Src.c:428:26:OSPI_WriteEnable	112	static
../Core/Src/Loader_Src.c:478:26:OSPI_AutoPollingMemReady	120	static
../Core/Src/Loader_Src.c:179:26:OSPI_WriteStatusReg	96	static
../Core/Src/Loader_Src.c:334:26:OSPI_EnableQuadMode	16	static
../Core/Src/Loader_Src.c:224:26:OSPI_ReadSecurityReg.constprop.isra	88	static
../Core/Src/Loader_Src.c:86:37:HAL_InitTick	0	static
../Core/Src/Loader_Src.c:92:10:HAL_GetTick	0	static
../Core/Src/Loader_Src.c:97:6:HAL_Delay	8	static,ignoring_inline_asm
../Core/Src/Loader_Src.c:660:23:Init	176	static
../Core/Src/Loader_Src.c:734:23:Read	96	static
../Core/Src/Loader_Src.c:777:23:Write	120	static
../Core/Src/Loader_Src.c:860:23:SectorErase	96	static
../Core/Src/Loader_Src.c:928:23:MassErase	88	static
../Core/Src/Loader_Src.c:975:28:Verify	136	static
