../Core/Src/Loader_Src.c:508:13:Loader_SystemClock_Config	368	static
../Core/Src/Loader_Src.c:622:26:OSPI_WriteEnable	112	static
../Core/Src/Loader_Src.c:672:26:OSPI_AutoPollingMemReady	120	static
../Core/Src/Loader_Src.c:69:19:HAL_InitTick	0	static
../Core/Src/Loader_Src.c:75:10:HAL_GetTick	0	static
../Core/Src/Loader_Src.c:80:6:HAL_Delay	8	static,ignoring_inline_asm
../Core/Src/Loader_Src.c:89:6:HAL_IncTick	0	static
../Core/Src/Loader_Src.c:167:27:Init	144	static
../Core/Src/Loader_Src.c:234:27:Read	96	static
../Core/Src/Loader_Src.c:296:27:Write	112	static
../Core/Src/Loader_Src.c:366:27:SectorErase	104	static
../Core/Src/Loader_Src.c:426:27:MassErase	88	static
../Core/Src/Loader_Src.c:465:32:Verify	288	static
