../Core/Src/Loader_Src.c:539:13:Loader_SystemClock_Config	368	static
../Core/Src/Loader_Src.c:596:13:Loader_OCTOSPI1_Init	80	static
../Core/Src/Loader_Src.c:168:26:OSPI_EnterMemoryMappedMode	96	static
../Core/Src/Loader_Src.c:653:26:OSPI_WriteEnable	112	static
../Core/Src/Loader_Src.c:703:26:OSPI_AutoPollingMemReady	120	static
../Core/Src/Loader_Src.c:221:26:OSPI_ExitMemoryMappedMode	8	static
../Core/Src/Loader_Src.c:69:19:HAL_InitTick	0	static
../Core/Src/Loader_Src.c:75:10:HAL_GetTick	0	static
../Core/Src/Loader_Src.c:80:6:HAL_Delay	8	static,ignoring_inline_asm
../Core/Src/Loader_Src.c:89:6:HAL_IncTick	0	static
../Core/Src/Loader_Src.c:239:27:Init	96	static
../Core/Src/Loader_Src.c:300:27:Read	8	static
../Core/Src/Loader_Src.c:309:27:Write	112	static
../Core/Src/Loader_Src.c:390:27:SectorErase	104	static
../Core/Src/Loader_Src.c:462:27:MassErase	88	static
../Core/Src/Loader_Src.c:513:32:Verify	20	static
