../Core/Src/Loader_Src.c:253:26:OSPI_ReadStatusReg	96	static
../Core/Src/Loader_Src.c:485:26:OSPI_ManualWaitReady	24	static,ignoring_inline_asm
../Core/Src/Loader_Src.c:333:26:OSPI_ReadSecurityReg	96	static
../Core/Src/Loader_Src.c:1750:26:OSPI_WriteEnable	112	static
../Core/Src/Loader_Src.c:1800:26:OSPI_AutoPollingMemReady	120	static
../Core/Src/Loader_Src.c:288:26:OSPI_WriteStatusReg	96	static
../Core/Src/Loader_Src.c:444:26:OSPI_EnableQuadMode	16	static
../Core/Src/Loader_Src.c:1092:26:OSPI_WriteDebugInfo.isra	200	static
../Core/Src/Loader_Src.c:180:26:OSPI_ReadBytes.isra	96	static
../Core/Src/Loader_Src.c:145:37:HAL_InitTick	0	static
../Core/Src/Loader_Src.c:156:10:HAL_GetTick	0	static
../Core/Src/Loader_Src.c:167:6:HAL_Delay	8	static,ignoring_inline_asm
../Core/Src/Loader_Src.c:759:23:Init	176	static
../Core/Src/Loader_Src.c:900:23:Read	184	static
../Core/Src/Loader_Src.c:1177:23:Write	136	static
../Core/Src/Loader_Src.c:1311:23:SectorErase	128	static
../Core/Src/Loader_Src.c:1460:23:MassErase	104	static
../Core/Src/Loader_Src.c:1542:28:Verify	136	static
