../Core/Src/Loader_Src.c:698:13:Loader_SystemClock_Config	368	static
../Core/Src/Loader_Src.c:144:26:OSPI_ReadStatusReg	96	static
../Core/Src/Loader_Src.c:810:26:OSPI_WriteEnable	112	static
../Core/Src/Loader_Src.c:860:26:OSPI_AutoPollingMemReady	120	static
../Core/Src/Loader_Src.c:81:19:HAL_InitTick	0	static
../Core/Src/Loader_Src.c:87:10:HAL_GetTick	0	static
../Core/Src/Loader_Src.c:92:6:HAL_Delay	8	static,ignoring_inline_asm
../Core/Src/Loader_Src.c:101:6:HAL_IncTick	0	static
../Core/Src/Loader_Src.c:345:27:Init	144	static
../Core/Src/Loader_Src.c:406:27:Read	96	static
../Core/Src/Loader_Src.c:466:27:Write	112	static
../Core/Src/Loader_Src.c:535:27:SectorErase	104	static
../Core/Src/Loader_Src.c:595:27:MassErase	88	static
../Core/Src/Loader_Src.c:634:32:Verify	136	static
