../Drivers/CustomDriver/ak4183.c:28:24:AK4183_SendCmdAndRead	40	static
../Drivers/CustomDriver/ak4183.c:67:17:AK4183_CalculateAverage	24	static
../Drivers/CustomDriver/ak4183.c:83:17:AK4183_Init	32	static
../Drivers/CustomDriver/ak4183.c:126:17:AK4183_DeInit	16	static
../Drivers/CustomDriver/ak4183.c:147:17:AK4183_ReadX	16	static
../Drivers/CustomDriver/ak4183.c:162:17:AK4183_ReadY	16	static
../Drivers/CustomDriver/ak4183.c:178:17:AK4183_ReadPressure	32	static
../Drivers/CustomDriver/ak4183.c:203:17:AK4183_ReadTouch	32	static
../Drivers/CustomDriver/ak4183.c:265:17:AK4183_ReadTouchIT	32	static
../Drivers/CustomDriver/ak4183.c:298:17:AK4183_Sleep	32	static
../Drivers/CustomDriver/ak4183.c:313:17:AK4183_Wakeup	32	static
../Drivers/CustomDriver/ak4183.c:328:6:AK4183_IRQHandler	24	static
../Drivers/CustomDriver/ak4183.c:360:6:AK4183_IsTouched	16	static
../Drivers/CustomDriver/ak4183.c:372:10:AK4183_CalculatePressure	24	static
../Drivers/CustomDriver/ak4183.c:395:6:AK4183_RegisterTouchDetectedCallback	16	static
../Drivers/CustomDriver/ak4183.c:408:6:AK4183_RegisterTouchReleasedCallback	16	static
../Drivers/CustomDriver/ak4183.c:420:18:AK4183_GetHandle	4	static
