../../Appli/../../Appli/Middlewares/ST/touchgfx/framework/include/touchgfx/hal/HAL.hpp:131:18:virtual void touchgfx::HAL::setDisplayOrientation(touchgfx::DisplayOrientation)	0	static
../../Appli/../../Appli/Middlewares/ST/touchgfx/framework/include/touchgfx/hal/HAL.hpp:717:18:virtual bool touchgfx::HAL::sampleKey(uint8_t&)	0	static
../../Appli/../../Appli/Middlewares/ST/touchgfx/framework/include/touchgfx/hal/HAL.hpp:790:18:virtual void touchgfx::HAL::setAnimationStorage(void*)	0	static
../../Appli/../../Appli/Middlewares/ST/touchgfx/framework/include/touchgfx/hal/HAL.hpp:828:18:virtual void touchgfx::HAL::waitForLTDCLines(uint16_t)	0	static
../../Appli/../../Appli/Middlewares/ST/touchgfx/framework/include/touchgfx/hal/HAL.hpp:972:30:virtual touchgfx::FlashDataReader* touchgfx::HAL::getFlashDataReader() const	0	static
../../Appli/../../Appli/Middlewares/ST/touchgfx/framework/include/touchgfx/hal/HAL.hpp:1134:18:virtual void touchgfx::HAL::taskDelay(uint16_t)	0	static
../../Appli/../../Appli/Middlewares/ST/touchgfx/framework/include/touchgfx/hal/HAL.hpp:1161:22:virtual uint16_t touchgfx::HAL::getTFTCurrentLine()	0	static
../../Appli/../../Appli/Middlewares/ST/touchgfx/framework/include/touchgfx/hal/HAL.hpp:1172:21:virtual touchgfx::DMAType touchgfx::HAL::getDMAType()	0	static
../../Appli/../../Appli/Middlewares/ST/touchgfx/framework/include/touchgfx/hal/HAL.hpp:1319:18:virtual void touchgfx::HAL::partialLTDCDeadlineMissed()	0	static
C:/TouchGFXProjects/SU3500_GUI_h7s78/Appli/TouchGFX/target/TouchGFXHAL.cpp:60:11:virtual uint16_t* TouchGFXHAL::getTFTFrameBuffer() const	0	static
../../../Appli/TouchGFX/target/TouchGFXHAL.hpp:37:7:TouchGFXHAL::~TouchGFXHAL()	0	static
C:/TouchGFXProjects/SU3500_GUI_h7s78/Appli/TouchGFX/target/TouchGFXHAL.cpp:39:6:virtual void TouchGFXHAL::initialize()	16	static
C:/TouchGFXProjects/SU3500_GUI_h7s78/Appli/TouchGFX/target/TouchGFXHAL.cpp:90:6:virtual void TouchGFXHAL::flushFrameBuffer(const touchgfx::Rect&)	0	static
C:/TouchGFXProjects/SU3500_GUI_h7s78/Appli/TouchGFX/target/TouchGFXHAL.cpp:105:6:virtual bool TouchGFXHAL::blockCopy(void*, const void*, uint32_t)	0	static
C:/TouchGFXProjects/SU3500_GUI_h7s78/Appli/TouchGFX/target/TouchGFXHAL.cpp:114:6:virtual void TouchGFXHAL::configureInterrupts()	0	static
C:/TouchGFXProjects/SU3500_GUI_h7s78/Appli/TouchGFX/target/TouchGFXHAL.cpp:127:6:virtual void TouchGFXHAL::enableInterrupts()	0	static
C:/TouchGFXProjects/SU3500_GUI_h7s78/Appli/TouchGFX/target/TouchGFXHAL.cpp:140:6:virtual void TouchGFXHAL::disableInterrupts()	0	static
C:/TouchGFXProjects/SU3500_GUI_h7s78/Appli/TouchGFX/target/TouchGFXHAL.cpp:154:6:virtual void TouchGFXHAL::enableLCDControllerInterrupt()	0	static
C:/TouchGFXProjects/SU3500_GUI_h7s78/Appli/TouchGFX/target/TouchGFXHAL.cpp:164:6:virtual bool TouchGFXHAL::beginFrame()	0	static
C:/TouchGFXProjects/SU3500_GUI_h7s78/Appli/TouchGFX/target/TouchGFXHAL.cpp:169:6:virtual void TouchGFXHAL::endFrame()	0	static
../../Appli/../../Appli/Middlewares/ST/touchgfx/framework/include/touchgfx/hal/HAL.hpp:685:18:virtual void touchgfx::HAL::backPorchExited()	8	static
../../../Appli/TouchGFX/target/generated/TouchGFXGeneratedHAL.hpp:119:18:virtual void TouchGFXGeneratedHAL::unlockFrameBuffer()	0	static
../../../Appli/TouchGFX/target/TouchGFXHAL.hpp:109:18:virtual void TouchGFXHAL::flushFrameBuffer()	0	static
../../../Appli/TouchGFX/target/TouchGFXHAL.hpp:37:7:virtual TouchGFXHAL::~TouchGFXHAL()	8	static
../../Appli/../../Appli/Middlewares/ST/touchgfx/framework/include/touchgfx/hal/HAL.hpp:1370:18:virtual void touchgfx::HAL::performDisplayOrientationChange()	8	static
C:/TouchGFXProjects/SU3500_GUI_h7s78/Appli/TouchGFX/target/TouchGFXHAL.cpp:70:6:virtual void TouchGFXHAL::setTFTFrameBuffer(uint16_t*)	0	static
../../Appli/../../Appli/Middlewares/ST/touchgfx/framework/include/touchgfx/hal/HAL.hpp:163:18:virtual void touchgfx::HAL::setFrameBufferSize(uint16_t, uint16_t)	8	static
../../Appli/../../Appli/Middlewares/ST/touchgfx/framework/include/touchgfx/hal/HAL.hpp:767:18:virtual void touchgfx::HAL::setFrameBufferStartAddresses(void*, void*, void*)	24	static
../../Appli/../../Appli/Middlewares/ST/touchgfx/framework/include/touchgfx/hal/HAL.hpp:358:28:virtual touchgfx::BlitOperations touchgfx::HAL::getBlitCaps()	0	static
C:/TouchGFXProjects/SU3500_GUI_h7s78/Appli/TouchGFX/target/TouchGFXHAL.cpp:176:19:long int IdleTaskHook(void*)	8	static
