../Middlewares/ST/touchgfx/framework/include/touchgfx/Screen.hpp:104:18:virtual void touchgfx::Screen::afterTransition()	0	static
../Middlewares/ST/touchgfx/framework/include/touchgfx/Screen.hpp:144:18:virtual void touchgfx::Screen::handleTickEvent()	0	static
../Middlewares/ST/touchgfx/framework/include/touchgfx/Screen.hpp:154:18:virtual void touchgfx::Screen::handleKeyEvent(uint8_t)	0	static
../TouchGFX/gui/src/touchtest_screen/touchTestView.cpp:13:6:virtual void touchTestView::tearDownScreen()	0	static
../TouchGFX/gui/include/gui/touchtest_screen/touchTestView.hpp:11:13:touchTestView::~touchTestView()	8	static
../TouchGFX/gui/include/gui/touchtest_screen/touchTestView.hpp:11:13:virtual touchTestView::~touchTestView()	8	static
../TouchGFX/gui/src/touchtest_screen/touchTestView.cpp:3:1:touchTestView::touchTestView()	8	static
../TouchGFX/gui/src/touchtest_screen/touchTestView.cpp:8:6:virtual void touchTestView::setupScreen()	0	static
