../../Appli/../../Appli/Middlewares/ST/touchgfx/framework/include/touchgfx/Screen.hpp:104:18:virtual void touchgfx::Screen::afterTransition()	0	static
../../Appli/../../Appli/Middlewares/ST/touchgfx/framework/include/touchgfx/Screen.hpp:144:18:virtual void touchgfx::Screen::handleTickEvent()	0	static
../../Appli/../../Appli/Middlewares/ST/touchgfx/framework/include/touchgfx/Screen.hpp:154:18:virtual void touchgfx::Screen::handleKeyEvent(uint8_t)	0	static
C:/TouchGFXProjects/SU3500_GUI_h7s78/Appli/TouchGFX/gui/src/apr_error_screen/Apr_ErrorView.cpp:13:6:virtual void Apr_ErrorView::tearDownScreen()	0	static
../../Appli/../../Appli/TouchGFX/gui/include/gui/apr_error_screen/Apr_ErrorView.hpp:11:13:Apr_ErrorView::~Apr_ErrorView()	8	static
../../Appli/../../Appli/TouchGFX/gui/include/gui/apr_error_screen/Apr_ErrorView.hpp:11:13:virtual Apr_ErrorView::~Apr_ErrorView()	8	static
C:/TouchGFXProjects/SU3500_GUI_h7s78/Appli/TouchGFX/gui/src/apr_error_screen/Apr_ErrorView.cpp:3:1:Apr_ErrorView::Apr_ErrorView()	8	static
C:/TouchGFXProjects/SU3500_GUI_h7s78/Appli/TouchGFX/gui/src/apr_error_screen/Apr_ErrorView.cpp:8:6:virtual void Apr_ErrorView::setupScreen()	0	static
