../../Appli/../../Appli/TouchGFX/gui/include/gui/apr_error_screen/Apr_ErrorPresenter.hpp:28:13:Apr_ErrorPresenter::~Apr_ErrorPresenter()	0	static
C:/TouchGFXProjects/SU3500_GUI_h7s78/Appli/TouchGFX/gui/src/apr_error_screen/Apr_ErrorPresenter.cpp:10:6:virtual void Apr_ErrorPresenter::activate()	0	static
../../Appli/../../Appli/TouchGFX/gui/include/gui/apr_error_screen/Apr_ErrorPresenter.hpp:28:13:virtual Apr_ErrorPresenter::~Apr_ErrorPresenter()	8	static
../../Appli/../../Appli/TouchGFX/gui/include/gui/apr_error_screen/Apr_ErrorPresenter.hpp:28:13:virtual void* Apr_ErrorPresenter::_ZThn4_N18Apr_ErrorPresenterD1Ev()	0	static
C:/TouchGFXProjects/SU3500_GUI_h7s78/Appli/TouchGFX/gui/src/apr_error_screen/Apr_ErrorPresenter.cpp:4:1:Apr_ErrorPresenter::Apr_ErrorPresenter(Apr_ErrorView&)	0	static
