../../Appli/../../Appli/Middlewares/ST/touchgfx/framework/include/touchgfx/Screen.hpp:104:18:virtual void touchgfx::Screen::afterTransition()	0	static
../../Appli/../../Appli/Middlewares/ST/touchgfx/framework/include/touchgfx/Screen.hpp:144:18:virtual void touchgfx::Screen::handleTickEvent()	0	static
../../Appli/../../Appli/Middlewares/ST/touchgfx/framework/include/touchgfx/Screen.hpp:154:18:virtual void touchgfx::Screen::handleKeyEvent(uint8_t)	0	static
C:/TouchGFXProjects/SU3500_GUI_h7s78/Appli/TouchGFX/gui/src/apr_error_screen/APR_ErrorView.cpp:13:6:virtual void APR_ErrorView::tearDownScreen()	0	static
../../Appli/../../Appli/TouchGFX/gui/include/gui/apr_error_screen/APR_ErrorView.hpp:11:13:APR_ErrorView::~APR_ErrorView()	8	static
../../Appli/../../Appli/TouchGFX/gui/include/gui/apr_error_screen/APR_ErrorView.hpp:11:13:virtual APR_ErrorView::~APR_ErrorView()	8	static
C:/TouchGFXProjects/SU3500_GUI_h7s78/Appli/TouchGFX/gui/src/apr_error_screen/APR_ErrorView.cpp:3:1:APR_ErrorView::APR_ErrorView()	8	static
C:/TouchGFXProjects/SU3500_GUI_h7s78/Appli/TouchGFX/gui/src/apr_error_screen/APR_ErrorView.cpp:8:6:virtual void APR_ErrorView::setupScreen()	0	static
