../../Appli/../../Appli/TouchGFX/gui/include/gui/autopostionset_screen/AutoPostionSetPresenter.hpp:28:13:AutoPostionSetPresenter::~AutoPostionSetPresenter()	0	static
C:/TouchGFXProjects/SU3500_GUI_h7s78/Appli/TouchGFX/gui/src/autopostionset_screen/AutoPostionSetPresenter.cpp:10:6:virtual void AutoPostionSetPresenter::activate()	0	static
../../Appli/../../Appli/TouchGFX/gui/include/gui/autopostionset_screen/AutoPostionSetPresenter.hpp:28:13:virtual AutoPostionSetPresenter::~AutoPostionSetPresenter()	8	static
../../Appli/../../Appli/TouchGFX/gui/include/gui/autopostionset_screen/AutoPostionSetPresenter.hpp:28:13:virtual void* AutoPostionSetPresenter::_ZThn4_N23AutoPostionSetPresenterD1Ev()	0	static
C:/TouchGFXProjects/SU3500_GUI_h7s78/Appli/TouchGFX/gui/src/autopostionset_screen/AutoPostionSetPresenter.cpp:4:1:AutoPostionSetPresenter::AutoPostionSetPresenter(AutoPostionSetView&)	0	static
