../../Appli/../../Appli/TouchGFX/gui/include/gui/calibration_screen/CalibrationPresenter.hpp:28:13:CalibrationPresenter::~CalibrationPresenter()	0	static
C:/TouchGFXProjects/SU3500_GUI_h7s78/Appli/TouchGFX/gui/src/calibration_screen/CalibrationPresenter.cpp:10:6:virtual void CalibrationPresenter::activate()	0	static
../../Appli/../../Appli/TouchGFX/gui/include/gui/calibration_screen/CalibrationPresenter.hpp:28:13:virtual CalibrationPresenter::~CalibrationPresenter()	8	static
../../Appli/../../Appli/TouchGFX/gui/include/gui/calibration_screen/CalibrationPresenter.hpp:28:13:virtual void* CalibrationPresenter::_ZThn4_N20CalibrationPresenterD1Ev()	0	static
C:/TouchGFXProjects/SU3500_GUI_h7s78/Appli/TouchGFX/gui/src/calibration_screen/CalibrationPresenter.cpp:4:1:CalibrationPresenter::CalibrationPresenter(CalibrationView&)	0	static
