../../Appli/../../Appli/Middlewares/ST/touchgfx/framework/include/touchgfx/Screen.hpp:104:18:virtual void touchgfx::Screen::afterTransition()	0	static
../../Appli/../../Appli/Middlewares/ST/touchgfx/framework/include/touchgfx/Screen.hpp:144:18:virtual void touchgfx::Screen::handleTickEvent()	0	static
../../Appli/../../Appli/Middlewares/ST/touchgfx/framework/include/touchgfx/Screen.hpp:154:18:virtual void touchgfx::Screen::handleKeyEvent(uint8_t)	0	static
C:/TouchGFXProjects/SU3500_GUI_h7s78/Appli/TouchGFX/gui/src/calibration_screen/CalibrationView.cpp:13:6:virtual void CalibrationView::tearDownScreen()	0	static
../../Appli/../../Appli/TouchGFX/gui/include/gui/calibration_screen/CalibrationView.hpp:11:13:CalibrationView::~CalibrationView()	8	static
../../Appli/../../Appli/TouchGFX/gui/include/gui/calibration_screen/CalibrationView.hpp:11:13:virtual CalibrationView::~CalibrationView()	8	static
C:/TouchGFXProjects/SU3500_GUI_h7s78/Appli/TouchGFX/gui/src/calibration_screen/CalibrationView.cpp:3:1:CalibrationView::CalibrationView()	8	static
C:/TouchGFXProjects/SU3500_GUI_h7s78/Appli/TouchGFX/gui/src/calibration_screen/CalibrationView.cpp:8:6:virtual void CalibrationView::setupScreen()	0	static
