../../Appli/../../Appli/Middlewares/ST/touchgfx/framework/include/touchgfx/Screen.hpp:104:18:virtual void touchgfx::Screen::afterTransition()	0	static
../../Appli/../../Appli/Middlewares/ST/touchgfx/framework/include/touchgfx/Screen.hpp:144:18:virtual void touchgfx::Screen::handleTickEvent()	0	static
../../Appli/../../Appli/Middlewares/ST/touchgfx/framework/include/touchgfx/Screen.hpp:154:18:virtual void touchgfx::Screen::handleKeyEvent(uint8_t)	0	static
C:/TouchGFXProjects/SU3500_GUI_h7s78/Appli/TouchGFX/gui/src/control_screen/ControlView.cpp:15:6:virtual void ControlView::tearDownScreen()	0	static
../../Appli/../../Appli/TouchGFX/gui/include/gui/control_screen/ControlView.hpp:11:13:ControlView::~ControlView()	8	static
../../Appli/../../Appli/TouchGFX/gui/include/gui/control_screen/ControlView.hpp:11:13:virtual ControlView::~ControlView()	8	static
C:/TouchGFXProjects/SU3500_GUI_h7s78/Appli/TouchGFX/gui/src/control_screen/ControlView.cpp:5:1:ControlView::ControlView()	8	static
../../Appli/../../Appli/Middlewares/ST/touchgfx/framework/include/touchgfx/mixins/MoveAnimator.hpp:131:10:void touchgfx::MoveAnimator<T>::startMoveAnimation(int16_t, int16_t, uint16_t, touchgfx::EasingEquation, touchgfx::EasingEquation) [with T = MenuScrollWheel]	32	static
C:/TouchGFXProjects/SU3500_GUI_h7s78/Appli/TouchGFX/gui/src/control_screen/ControlView.cpp:20:6:virtual void ControlView::moveMenuScroll()	16	static
C:/TouchGFXProjects/SU3500_GUI_h7s78/Appli/TouchGFX/gui/src/control_screen/ControlView.cpp:10:6:virtual void ControlView::setupScreen()	0	static
