../../Appli/../../Appli/Middlewares/ST/touchgfx/framework/include/touchgfx/Drawable.hpp:315:18:virtual void touchgfx::Drawable::setX(int16_t)	0	static
../../Appli/../../Appli/Middlewares/ST/touchgfx/framework/include/touchgfx/Drawable.hpp:327:18:virtual void touchgfx::Drawable::setY(int16_t)	0	static
../../Appli/../../Appli/Middlewares/ST/touchgfx/framework/include/touchgfx/Drawable.hpp:356:18:virtual void touchgfx::Drawable::setWidth(int16_t)	0	static
../../Appli/../../Appli/Middlewares/ST/touchgfx/framework/include/touchgfx/Drawable.hpp:368:18:virtual void touchgfx::Drawable::setHeight(int16_t)	0	static
../../Appli/../../Appli/Middlewares/ST/touchgfx/framework/include/touchgfx/Drawable.hpp:378:18:virtual void touchgfx::Drawable::childGeometryChanged()	0	static
../../Appli/../../Appli/Middlewares/ST/touchgfx/framework/include/touchgfx/Drawable.hpp:389:18:virtual void touchgfx::Drawable::handleClickEvent(const touchgfx::ClickEvent&)	0	static
../../Appli/../../Appli/Middlewares/ST/touchgfx/framework/include/touchgfx/Drawable.hpp:401:18:virtual void touchgfx::Drawable::handleGestureEvent(const touchgfx::GestureEvent&)	0	static
../../Appli/../../Appli/Middlewares/ST/touchgfx/framework/include/touchgfx/Drawable.hpp:490:18:virtual void touchgfx::Drawable::handleDragEvent(const touchgfx::DragEvent&)	0	static
../../Appli/../../Appli/Middlewares/ST/touchgfx/framework/include/touchgfx/Drawable.hpp:501:18:virtual void touchgfx::Drawable::handleTickEvent()	0	static
../../Appli/../../Appli/Middlewares/ST/touchgfx/framework/include/touchgfx/Drawable.hpp:588:18:virtual void touchgfx::Drawable::moveTo(int16_t, int16_t)	4	static
../../Appli/../../Appli/Middlewares/ST/touchgfx/framework/include/touchgfx/containers/Container.hpp:165:23:virtual touchgfx::Drawable* touchgfx::Container::getFirstChild()	0	static
C:/TouchGFXProjects/SU3500_GUI_h7s78/Appli/TouchGFX/gui/src/containers/Keyboard.cpp:53:6:virtual void Keyboard::writeButtonCharacter(char)	8	static
C:/TouchGFXProjects/SU3500_GUI_h7s78/Appli/TouchGFX/gui/src/containers/Keyboard.cpp:108:6:virtual void Keyboard::displayCapitalLetters()	8	static
C:/TouchGFXProjects/SU3500_GUI_h7s78/Appli/TouchGFX/gui/src/containers/Keyboard.cpp:137:6:virtual void Keyboard::displayNumbers()	16	static
C:/TouchGFXProjects/SU3500_GUI_h7s78/Appli/TouchGFX/gui/src/containers/Keyboard.cpp:183:6:virtual void Keyboard::displayCharactersPartTwo()	8	static
../../Appli/../../Appli/TouchGFX/gui/include/gui/containers/Keyboard.hpp:10:13:Keyboard::~Keyboard()	8	static
../../Appli/../../Appli/TouchGFX/gui/include/gui/containers/Keyboard.hpp:10:13:virtual Keyboard::~Keyboard()	8	static
../../Appli/../../Appli/Middlewares/ST/touchgfx/framework/include/touchgfx/Drawable.hpp:121:18:virtual void touchgfx::Drawable::invalidateContent() const	0	static
C:/TouchGFXProjects/SU3500_GUI_h7s78/Appli/TouchGFX/gui/src/containers/Keyboard.cpp:78:6:virtual void Keyboard::deleteLastCharacter()	16	static
C:/TouchGFXProjects/SU3500_GUI_h7s78/Appli/TouchGFX/gui/src/containers/Keyboard.cpp:4:1:Keyboard::Keyboard()	16	static
C:/TouchGFXProjects/SU3500_GUI_h7s78/Appli/TouchGFX/gui/src/containers/Keyboard.cpp:201:7:char* Keyboard::getText()	0	static
C:/TouchGFXProjects/SU3500_GUI_h7s78/Appli/TouchGFX/gui/src/containers/Keyboard.cpp:9:6:virtual void Keyboard::initialize()	8	static
