../../Appli/../../Appli/TouchGFX/gui/include/gui/setting_screen/SettingPresenter.hpp:28:13:SettingPresenter::~SettingPresenter()	0	static
C:/TouchGFXProjects/SU3500_GUI_h7s78/Appli/TouchGFX/gui/src/setting_screen/SettingPresenter.cpp:10:6:virtual void SettingPresenter::activate()	0	static
../../Appli/../../Appli/TouchGFX/gui/include/gui/setting_screen/SettingPresenter.hpp:28:13:virtual SettingPresenter::~SettingPresenter()	8	static
../../Appli/../../Appli/TouchGFX/gui/include/gui/setting_screen/SettingPresenter.hpp:28:13:virtual void* SettingPresenter::_ZThn4_N16SettingPresenterD1Ev()	0	static
C:/TouchGFXProjects/SU3500_GUI_h7s78/Appli/TouchGFX/gui/src/setting_screen/SettingPresenter.cpp:4:1:SettingPresenter::SettingPresenter(SettingView&)	0	static
