../Core/Src/stm32u5xx_it.c:72:6:NMI_Handler	4	static
../Core/Src/stm32u5xx_it.c:87:6:HardFault_Handler	4	static
../Core/Src/stm32u5xx_it.c:102:6:MemManage_Handler	4	static
../Core/Src/stm32u5xx_it.c:117:6:BusFault_Handler	4	static
../Core/Src/stm32u5xx_it.c:132:6:UsageFault_Handler	4	static
../Core/Src/stm32u5xx_it.c:147:6:SVC_Handler	4	static
../Core/Src/stm32u5xx_it.c:160:6:DebugMon_Handler	4	static
../Core/Src/stm32u5xx_it.c:173:6:PendSV_Handler	4	static
../Core/Src/stm32u5xx_it.c:186:6:SysTick_Handler	8	static
../Core/Src/stm32u5xx_it.c:207:6:RCC_IRQHandler	4	static
../Core/Src/stm32u5xx_it.c:220:6:OCTOSPI1_IRQHandler	8	static
../Core/Src/stm32u5xx_it.c:234:6:DMA2D_IRQHandler	8	static
../Core/Src/stm32u5xx_it.c:248:6:GPU2D_IRQHandler	8	static
../Core/Src/stm32u5xx_it.c:262:6:GPU2D_ER_IRQHandler	8	static
../Core/Src/stm32u5xx_it.c:276:6:LTDC_IRQHandler	8	static
../Core/Src/stm32u5xx_it.c:290:6:LTDC_ER_IRQHandler	8	static
